Archive member included because of file (symbol)

/home/gombe/workspace/machikania/origdev/pic32/compiler/pic32-tools/bin/../lib/gcc/pic32mx/4.5.2/../../../../pic32mx/lib/libpic32.a(default-bootstrap-exception-handler.o)
                              obj/crt0.o (_bootstrap_exception_handler)
/home/gombe/workspace/machikania/origdev/pic32/compiler/pic32-tools/bin/../lib/gcc/pic32mx/4.5.2/../../../../pic32mx/lib/libpic32.a(default-on-reset.o)
                              obj/crt0.o (_on_reset)
/home/gombe/workspace/machikania/origdev/pic32/compiler/pic32-tools/bin/../lib/gcc/pic32mx/4.5.2/../../../../pic32mx/lib/libpic32.a(default-on-bootstrap.o)
                              obj/crt0.o (_on_bootstrap)
/home/gombe/workspace/machikania/origdev/pic32/compiler/pic32-tools/bin/../lib/gcc/pic32mx/4.5.2/../../../../pic32mx/lib/libpic32.a(default-nmi-handler.o)
                              obj/crt0.o (_nmi_handler)
/home/gombe/workspace/machikania/origdev/pic32/compiler/pic32-tools/bin/../lib/gcc/pic32mx/4.5.2/../../../../pic32mx/lib/libpic32.a(pic32_software_reset.o)
                              /home/gombe/workspace/machikania/origdev/pic32/compiler/pic32-tools/bin/../lib/gcc/pic32mx/4.5.2/../../../../pic32mx/lib/libpic32.a(default-bootstrap-exception-handler.o) (__pic32_software_reset)
/home/gombe/workspace/machikania/origdev/pic32/compiler/pic32-tools/bin/../lib/gcc/pic32mx/4.5.2/../../../../pic32mx/lib/libpic32.a(vector0.o)
                              /home/gombe/workspace/machikania/origdev/pic32/compiler/pic32-tools/bin/../lib/gcc/pic32mx/4.5.2/../../../../pic32mx/lib/./proc/32MX250F128B/default_isr_vectors.o (__vector_dispatch_0)
/home/gombe/workspace/machikania/origdev/pic32/compiler/pic32-tools/bin/../lib/gcc/pic32mx/4.5.2/../../../../pic32mx/lib/libpic32.a(vector1.o)
                              /home/gombe/workspace/machikania/origdev/pic32/compiler/pic32-tools/bin/../lib/gcc/pic32mx/4.5.2/../../../../pic32mx/lib/./proc/32MX250F128B/default_isr_vectors.o (__vector_dispatch_1)
/home/gombe/workspace/machikania/origdev/pic32/compiler/pic32-tools/bin/../lib/gcc/pic32mx/4.5.2/../../../../pic32mx/lib/libpic32.a(vector2.o)
                              /home/gombe/workspace/machikania/origdev/pic32/compiler/pic32-tools/bin/../lib/gcc/pic32mx/4.5.2/../../../../pic32mx/lib/./proc/32MX250F128B/default_isr_vectors.o (__vector_dispatch_2)
/home/gombe/workspace/machikania/origdev/pic32/compiler/pic32-tools/bin/../lib/gcc/pic32mx/4.5.2/../../../../pic32mx/lib/libpic32.a(vector3.o)
                              /home/gombe/workspace/machikania/origdev/pic32/compiler/pic32-tools/bin/../lib/gcc/pic32mx/4.5.2/../../../../pic32mx/lib/./proc/32MX250F128B/default_isr_vectors.o (__vector_dispatch_3)
/home/gombe/workspace/machikania/origdev/pic32/compiler/pic32-tools/bin/../lib/gcc/pic32mx/4.5.2/../../../../pic32mx/lib/libpic32.a(vector4.o)
                              /home/gombe/workspace/machikania/origdev/pic32/compiler/pic32-tools/bin/../lib/gcc/pic32mx/4.5.2/../../../../pic32mx/lib/./proc/32MX250F128B/default_isr_vectors.o (__vector_dispatch_4)
/home/gombe/workspace/machikania/origdev/pic32/compiler/pic32-tools/bin/../lib/gcc/pic32mx/4.5.2/../../../../pic32mx/lib/libpic32.a(vector5.o)
                              /home/gombe/workspace/machikania/origdev/pic32/compiler/pic32-tools/bin/../lib/gcc/pic32mx/4.5.2/../../../../pic32mx/lib/./proc/32MX250F128B/default_isr_vectors.o (__vector_dispatch_5)
/home/gombe/workspace/machikania/origdev/pic32/compiler/pic32-tools/bin/../lib/gcc/pic32mx/4.5.2/../../../../pic32mx/lib/libpic32.a(vector7.o)
                              /home/gombe/workspace/machikania/origdev/pic32/compiler/pic32-tools/bin/../lib/gcc/pic32mx/4.5.2/../../../../pic32mx/lib/./proc/32MX250F128B/default_isr_vectors.o (__vector_dispatch_7)
/home/gombe/workspace/machikania/origdev/pic32/compiler/pic32-tools/bin/../lib/gcc/pic32mx/4.5.2/../../../../pic32mx/lib/libpic32.a(vector9.o)
                              /home/gombe/workspace/machikania/origdev/pic32/compiler/pic32-tools/bin/../lib/gcc/pic32mx/4.5.2/../../../../pic32mx/lib/./proc/32MX250F128B/default_isr_vectors.o (__vector_dispatch_9)
/home/gombe/workspace/machikania/origdev/pic32/compiler/pic32-tools/bin/../lib/gcc/pic32mx/4.5.2/../../../../pic32mx/lib/libpic32.a(vector11.o)
                              /home/gombe/workspace/machikania/origdev/pic32/compiler/pic32-tools/bin/../lib/gcc/pic32mx/4.5.2/../../../../pic32mx/lib/./proc/32MX250F128B/default_isr_vectors.o (__vector_dispatch_11)
/home/gombe/workspace/machikania/origdev/pic32/compiler/pic32-tools/bin/../lib/gcc/pic32mx/4.5.2/../../../../pic32mx/lib/libpic32.a(vector12.o)
                              /home/gombe/workspace/machikania/origdev/pic32/compiler/pic32-tools/bin/../lib/gcc/pic32mx/4.5.2/../../../../pic32mx/lib/./proc/32MX250F128B/default_isr_vectors.o (__vector_dispatch_12)
[...]
Memory Configuration

Name             Origin             Length             Attributes
kseg0_program_mem 0x9d007490         0x00038b70         xr
exception_mem    0x9d006000         0x00001000
debug_exec_mem   0x9fc00490         0x00000760
kseg0_boot_mem   0x9d006000         0x00000000
kseg1_boot_mem   0x9d007000         0x00000490
config3          0xbfc00bf0         0x00000004
config2          0xbfc00bf4         0x00000004
config1          0xbfc00bf8         0x00000004
config0          0xbfc00bfc         0x00000004
kseg1_data_mem   0xa0000000         0x00010000         w !x
sfrs             0xbf800000         0x00100000
configsfrs       0xbfc00bf0         0x00000010
*default*        0x00000000         0xffffffff

Linker script and memory map

LOAD obj/xprintf.o
LOAD obj/ff.o
LOAD obj/mmc_xmega.o
LOAD obj/newmain.o
LOAD obj/vector2.o
LOAD obj/composite32-high4.o
LOAD obj/crtn.o
LOAD obj/crti.o
LOAD obj/crt0.o
LOAD ../../pic32/compiler/pic32-tools/bin/../lib/gcc/pic32mx/4.5.2/crtend.o
LOAD ../../pic32/compiler/pic32-tools/bin/../lib/gcc/pic32mx/4.5.2/crtbegin.o
LOAD /home/gombe/workspace/machikania/origdev/pic32/compiler/pic32-tools/bin/../lib/gcc/pic32mx/4.5.2/../../../../pic32mx/lib/libsupc++.a
LOAD /home/gombe/workspace/machikania/origdev/pic32/compiler/pic32-tools/bin/../lib/gcc/pic32mx/4.5.2/../../../../pic32mx/lib/libm.a
LOAD /home/gombe/workspace/machikania/origdev/pic32/compiler/pic32-tools/bin/../lib/gcc/pic32mx/4.5.2/../../../../pic32mx/lib/./proc/32MX250F128B/default_isr_vectors.o
                0x00000400                PROVIDE (_min_stack_size, 0x400)
LOAD /home/gombe/workspace/machikania/origdev/pic32/compiler/pic32-tools/bin/../lib/gcc/pic32mx/4.5.2/../../../../pic32mx/lib/./proc/32MX250F128B/processor.o
                0x00000001                PROVIDE (_vector_spacing, 0x1)
                0x9d006000                _ebase_address = 0x9d006000
                0x9d007000                _RESET_ADDR = 0x9d007000
                0x9d007380                _BEV_EXCPT_ADDR = 0x9d007380
                0x9d007480                _DBG_EXCPT_ADDR = 0x9d007480
                0x9fc00490                _DBG_CODE_ADDR = 0x9fc00490
                0x00000760                _DBG_CODE_SIZE = 0x760
                0x9d006180                _GEN_EXCPT_ADDR = (_ebase_address + 0x180)

.config_BFC00BF0
 *(.config_BFC00BF0)

.config_BFC00BF4
 *(.config_BFC00BF4)

.config_BFC00BF8
 *(.config_BFC00BF8)

.config_BFC00BFC
 *(.config_BFC00BFC)

.reset          0x9d007000        0x8
 *(.reset)
 .reset         0x9d007000        0x8 obj/crt0.o
                0x9d007000                _reset
 *(.reset.startup)
 .reset.startup
                0x9d007008        0x0 obj/crt0.o

.bev_excpt      0x9d007380       0x10
 *(.bev_handler)
 .bev_handler   0x9d007380       0x10 obj/crt0.o

.dbg_excpt      0x9d007480        0x0
                0x9d007480                . = (. + DEFINED (_DEBUGGER)?0x8:0x0)

.dbg_code       0x9fc00490        0x0
                0x9fc00490                . = (. + DEFINED (_DEBUGGER)?_DBG_CODE_SIZE:0x0)

.app_excpt      0x9d006180       0x10
 *(.gen_handler)
 .gen_handler   0x9d006180       0x10 obj/crt0.o

.vector_0       0x9d006200        0x8
 *(.vector_0)
 .vector_0      0x9d006200        0x8 /home/gombe/workspace/machikania/origdev/pic32/compiler/pic32-tools/bin/../lib/gcc/pic32mx/4.5.2/../../../../pic32mx/lib/libpic32.a(vector0.o)
                0x9d006200                __vector_dispatch_0
                0x00000001                ASSERT (((_vector_spacing == 0x0) || (SIZEOF (.vector_0) <= (_vector_spacing << 0x5))), function at exception vector 0 too large)

.vector_1       0x9d006220        0x8
 *(.vector_1)
 .vector_1      0x9d006220        0x8 /home/gombe/workspace/machikania/origdev/pic32/compiler/pic32-tools/bin/../lib/gcc/pic32mx/4.5.2/../../../../pic32mx/lib/libpic32.a(vector1.o)
                0x9d006220                __vector_dispatch_1
                0x00000001                ASSERT (((_vector_spacing == 0x0) || (SIZEOF (.vector_1) <= (_vector_spacing << 0x5))), function at exception vector 1 too large)

.vector_2       0x9d006240        0x8
 *(.vector_2)
 .vector_2      0x9d006240        0x8 /home/gombe/workspace/machikania/origdev/pic32/compiler/pic32-tools/bin/../lib/gcc/pic32mx/4.5.2/../../../../pic32mx/lib/libpic32.a(vector2.o)
                0x9d006240                __vector_dispatch_2
                0x00000001                ASSERT (((_vector_spacing == 0x0) || (SIZEOF (.vector_2) <= (_vector_spacing << 0x5))), function at exception vector 2 too large)

.vector_3       0x9d006260        0x8
 *(.vector_3)
 .vector_3      0x9d006260        0x8 /home/gombe/workspace/machikania/origdev/pic32/compiler/pic32-tools/bin/../lib/gcc/pic32mx/4.5.2/../../../../pic32mx/lib/libpic32.a(vector3.o)
                0x9d006260                __vector_dispatch_3
                0x00000001                ASSERT (((_vector_spacing == 0x0) || (SIZEOF (.vector_3) <= (_vector_spacing << 0x5))), function at exception vector 3 too large)

.vector_4       0x9d006280        0x8
 *(.vector_4)
 .vector_4      0x9d006280        0x8 /home/gombe/workspace/machikania/origdev/pic32/compiler/pic32-tools/bin/../lib/gcc/pic32mx/4.5.2/../../../../pic32mx/lib/libpic32.a(vector4.o)
                0x9d006280                __vector_dispatch_4
                0x00000001                ASSERT (((_vector_spacing == 0x0) || (SIZEOF (.vector_4) <= (_vector_spacing << 0x5))), function at exception vector 4 too large)

.vector_5       0x9d0062a0        0x8
 *(.vector_5)
 .vector_5      0x9d0062a0        0x8 /home/gombe/workspace/machikania/origdev/pic32/compiler/pic32-tools/bin/../lib/gcc/pic32mx/4.5.2/../../../../pic32mx/lib/libpic32.a(vector5.o)
                0x9d0062a0                __vector_dispatch_5
                0x00000001                ASSERT (((_vector_spacing == 0x0) || (SIZEOF (.vector_5) <= (_vector_spacing << 0x5))), function at exception vector 5 too large)

.vector_6       0x9d0062c0        0x8
 *(.vector_6)
 .vector_6      0x9d0062c0        0x8 obj/composite32-high4.o
                0x9d0062c0                __vector_dispatch_6
                0x00000001                ASSERT (((_vector_spacing == 0x0) || (SIZEOF (.vector_6) <= (_vector_spacing << 0x5))), function at exception vector 6 too large)

.vector_7       0x9d0062e0        0x8
 *(.vector_7)
 .vector_7      0x9d0062e0        0x8 /home/gombe/workspace/machikania/origdev/pic32/compiler/pic32-tools/bin/../lib/gcc/pic32mx/4.5.2/../../../../pic32mx/lib/libpic32.a(vector7.o)
                0x9d0062e0                __vector_dispatch_7
                0x00000001                ASSERT (((_vector_spacing == 0x0) || (SIZEOF (.vector_7) <= (_vector_spacing << 0x5))), function at exception vector 7 too large)

.vector_8       0x9d006300        0x8
 *(.vector_8)
 .vector_8      0x9d006300        0x8 obj/composite32-high4.o
                0x9d006300                __vector_dispatch_8
                0x00000001                ASSERT (((_vector_spacing == 0x0) || (SIZEOF (.vector_8) <= (_vector_spacing << 0x5))), function at exception vector 8 too large)

.vector_9       0x9d006320        0x8
 *(.vector_9)
 .vector_9      0x9d006320        0x8 /home/gombe/workspace/machikania/origdev/pic32/compiler/pic32-tools/bin/../lib/gcc/pic32mx/4.5.2/../../../../pic32mx/lib/libpic32.a(vector9.o)
                0x9d006320                __vector_dispatch_9
                0x00000001                ASSERT (((_vector_spacing == 0x0) || (SIZEOF (.vector_9) <= (_vector_spacing << 0x5))), function at exception vector 9 too large)

.vector_10      0x9d006340        0x8
 *(.vector_10)
 .vector_10     0x9d006340        0x8 obj/composite32-high4.o
                0x9d006340                __vector_dispatch_10
                0x00000001                ASSERT (((_vector_spacing == 0x0) || (SIZEOF (.vector_10) <= (_vector_spacing << 0x5))), function at exception vector 10 too large)

.vector_11      0x9d006360        0x8
 *(.vector_11)
 .vector_11     0x9d006360        0x8 /home/gombe/workspace/machikania/origdev/pic32/compiler/pic32-tools/bin/../lib/gcc/pic32mx/4.5.2/../../../../pic32mx/lib/libpic32.a(vector11.o)
                0x9d006360                __vector_dispatch_11
                0x00000001                ASSERT (((_vector_spacing == 0x0) || (SIZEOF (.vector_11) <= (_vector_spacing << 0x5))), function at exception vector 11 too large)

.vector_12      0x9d006380        0x8
 *(.vector_12)
 .vector_12     0x9d006380        0x8 /home/gombe/workspace/machikania/origdev/pic32/compiler/pic32-tools/bin/../lib/gcc/pic32mx/4.5.2/../../../../pic32mx/lib/libpic32.a(vector12.o)
                0x9d006380                __vector_dispatch_12
                0x00000001                ASSERT (((_vector_spacing == 0x0) || (SIZEOF (.vector_12) <= (_vector_spacing << 0x5))), function at exception vector 12 too large)

.vector_13      0x9d0063a0        0x8
 *(.vector_13)
 .vector_13     0x9d0063a0        0x8 /home/gombe/workspace/machikania/origdev/pic32/compiler/pic32-tools/bin/../lib/gcc/pic32mx/4.5.2/../../../../pic32mx/lib/libpic32.a(vector13.o)
                0x9d0063a0                __vector_dispatch_13
                0x00000001                ASSERT (((_vector_spacing == 0x0) || (SIZEOF (.vector_13) <= (_vector_spacing << 0x5))), function at exception vector 13 too large)

.vector_14      0x9d0063c0        0x8
 *(.vector_14)
 .vector_14     0x9d0063c0        0x8 obj/composite32-high4.o
                0x9d0063c0                __vector_dispatch_14
                0x00000001                ASSERT (((_vector_spacing == 0x0) || (SIZEOF (.vector_14) <= (_vector_spacing << 0x5))), function at exception vector 14 too large)

.vector_15      0x9d0063e0        0x8
 *(.vector_15)
 .vector_15     0x9d0063e0        0x8 /home/gombe/workspace/machikania/origdev/pic32/compiler/pic32-tools/bin/../lib/gcc/pic32mx/4.5.2/../../../../pic32mx/lib/libpic32.a(vector15.o)
                0x9d0063e0                __vector_dispatch_15
                0x00000001                ASSERT (((_vector_spacing == 0x0) || (SIZEOF (.vector_15) <= (_vector_spacing << 0x5))), function at exception vector 15 too large)

.vector_16      0x9d006400        0x8
 *(.vector_16)
 .vector_16     0x9d006400        0x8 /home/gombe/workspace/machikania/origdev/pic32/compiler/pic32-tools/bin/../lib/gcc/pic32mx/4.5.2/../../../../pic32mx/lib/libpic32.a(vector16.o)
                0x9d006400                __vector_dispatch_16
                0x00000001                ASSERT (((_vector_spacing == 0x0) || (SIZEOF (.vector_16) <= (_vector_spacing << 0x5))), function at exception vector 16 too large)

.vector_17      0x9d006420        0x8
 *(.vector_17)
 .vector_17     0x9d006420        0x8 /home/gombe/workspace/machikania/origdev/pic32/compiler/pic32-tools/bin/../lib/gcc/pic32mx/4.5.2/../../../../pic32mx/lib/libpic32.a(vector17.o)
                0x9d006420                __vector_dispatch_17
                0x00000001                ASSERT (((_vector_spacing == 0x0) || (SIZEOF (.vector_17) <= (_vector_spacing << 0x5))), function at exception vector 17 too large)

.vector_18      0x9d006440        0x8
 *(.vector_18)
 .vector_18     0x9d006440        0x8 /home/gombe/workspace/machikania/origdev/pic32/compiler/pic32-tools/bin/../lib/gcc/pic32mx/4.5.2/../../../../pic32mx/lib/libpic32.a(vector18.o)
                0x9d006440                __vector_dispatch_18
                0x00000001                ASSERT (((_vector_spacing == 0x0) || (SIZEOF (.vector_18) <= (_vector_spacing << 0x5))), function at exception vector 18 too large)

.vector_19      0x9d006460        0x8
 *(.vector_19)
 .vector_19     0x9d006460        0x8 /home/gombe/workspace/machikania/origdev/pic32/compiler/pic32-tools/bin/../lib/gcc/pic32mx/4.5.2/../../../../pic32mx/lib/libpic32.a(vector19.o)
                0x9d006460                __vector_dispatch_19
                0x00000001                ASSERT (((_vector_spacing == 0x0) || (SIZEOF (.vector_19) <= (_vector_spacing << 0x5))), function at exception vector 19 too large)

.vector_20      0x9d006480        0x8
 *(.vector_20)
 .vector_20     0x9d006480        0x8 /home/gombe/workspace/machikania/origdev/pic32/compiler/pic32-tools/bin/../lib/gcc/pic32mx/4.5.2/../../../../pic32mx/lib/libpic32.a(vector20.o)
                0x9d006480                __vector_dispatch_20
                0x00000001                ASSERT (((_vector_spacing == 0x0) || (SIZEOF (.vector_20) <= (_vector_spacing << 0x5))), function at exception vector 20 too large)

.vector_21      0x9d0064a0        0x8
 *(.vector_21)
 .vector_21     0x9d0064a0        0x8 /home/gombe/workspace/machikania/origdev/pic32/compiler/pic32-tools/bin/../lib/gcc/pic32mx/4.5.2/../../../../pic32mx/lib/libpic32.a(vector21.o)
                0x9d0064a0                __vector_dispatch_21
                0x00000001                ASSERT (((_vector_spacing == 0x0) || (SIZEOF (.vector_21) <= (_vector_spacing << 0x5))), function at exception vector 21 too large)

.vector_22      0x9d0064c0        0x8
 *(.vector_22)
 .vector_22     0x9d0064c0        0x8 /home/gombe/workspace/machikania/origdev/pic32/compiler/pic32-tools/bin/../lib/gcc/pic32mx/4.5.2/../../../../pic32mx/lib/libpic32.a(vector22.o)
                0x9d0064c0                __vector_dispatch_22
                0x00000001                ASSERT (((_vector_spacing == 0x0) || (SIZEOF (.vector_22) <= (_vector_spacing << 0x5))), function at exception vector 22 too large)

.vector_23      0x9d0064e0        0x8
 *(.vector_23)
 .vector_23     0x9d0064e0        0x8 /home/gombe/workspace/machikania/origdev/pic32/compiler/pic32-tools/bin/../lib/gcc/pic32mx/4.5.2/../../../../pic32mx/lib/libpic32.a(vector23.o)
                0x9d0064e0                __vector_dispatch_23
                0x00000001                ASSERT (((_vector_spacing == 0x0) || (SIZEOF (.vector_23) <= (_vector_spacing << 0x5))), function at exception vector 23 too large)

.vector_24      0x9d006500        0x8
 *(.vector_24)
 .vector_24     0x9d006500        0x8 /home/gombe/workspace/machikania/origdev/pic32/compiler/pic32-tools/bin/../lib/gcc/pic32mx/4.5.2/../../../../pic32mx/lib/libpic32.a(vector24.o)
                0x9d006500                __vector_dispatch_24
                0x00000001                ASSERT (((_vector_spacing == 0x0) || (SIZEOF (.vector_24) <= (_vector_spacing << 0x5))), function at exception vector 24 too large)

.vector_25      0x9d006520        0x8
 *(.vector_25)
 .vector_25     0x9d006520        0x8 /home/gombe/workspace/machikania/origdev/pic32/compiler/pic32-tools/bin/../lib/gcc/pic32mx/4.5.2/../../../../pic32mx/lib/libpic32.a(vector25.o)
                0x9d006520                __vector_dispatch_25
                0x00000001                ASSERT (((_vector_spacing == 0x0) || (SIZEOF (.vector_25) <= (_vector_spacing << 0x5))), function at exception vector 25 too large)

.vector_26      0x9d006540        0x8
 *(.vector_26)
 .vector_26     0x9d006540        0x8 /home/gombe/workspace/machikania/origdev/pic32/compiler/pic32-tools/bin/../lib/gcc/pic32mx/4.5.2/../../../../pic32mx/lib/libpic32.a(vector26.o)
                0x9d006540                __vector_dispatch_26
                0x00000001                ASSERT (((_vector_spacing == 0x0) || (SIZEOF (.vector_26) <= (_vector_spacing << 0x5))), function at exception vector 26 too large)

.vector_27      0x9d006560        0x8
 *(.vector_27)
 .vector_27     0x9d006560        0x8 /home/gombe/workspace/machikania/origdev/pic32/compiler/pic32-tools/bin/../lib/gcc/pic32mx/4.5.2/../../../../pic32mx/lib/libpic32.a(vector27.o)
                0x9d006560                __vector_dispatch_27
                0x00000001                ASSERT (((_vector_spacing == 0x0) || (SIZEOF (.vector_27) <= (_vector_spacing << 0x5))), function at exception vector 27 too large)

.vector_28      0x9d006580        0x8
 *(.vector_28)
 .vector_28     0x9d006580        0x8 /home/gombe/workspace/machikania/origdev/pic32/compiler/pic32-tools/bin/../lib/gcc/pic32mx/4.5.2/../../../../pic32mx/lib/libpic32.a(vector28.o)
                0x9d006580                __vector_dispatch_28
                0x00000001                ASSERT (((_vector_spacing == 0x0) || (SIZEOF (.vector_28) <= (_vector_spacing << 0x5))), function at exception vector 28 too large)

.vector_29      0x9d0065a0        0x8
 *(.vector_29)
 .vector_29     0x9d0065a0        0x8 /home/gombe/workspace/machikania/origdev/pic32/compiler/pic32-tools/bin/../lib/gcc/pic32mx/4.5.2/../../../../pic32mx/lib/libpic32.a(vector29.o)
                0x9d0065a0                __vector_dispatch_29
                0x00000001                ASSERT (((_vector_spacing == 0x0) || (SIZEOF (.vector_29) <= (_vector_spacing << 0x5))), function at exception vector 29 too large)

.vector_30      0x9d0065c0        0x8
 *(.vector_30)
 .vector_30     0x9d0065c0        0x8 /home/gombe/workspace/machikania/origdev/pic32/compiler/pic32-tools/bin/../lib/gcc/pic32mx/4.5.2/../../../../pic32mx/lib/libpic32.a(vector30.o)
                0x9d0065c0                __vector_dispatch_30
                0x00000001                ASSERT (((_vector_spacing == 0x0) || (SIZEOF (.vector_30) <= (_vector_spacing << 0x5))), function at exception vector 30 too large)

.vector_31      0x9d0065e0        0x8
 *(.vector_31)
 .vector_31     0x9d0065e0        0x8 /home/gombe/workspace/machikania/origdev/pic32/compiler/pic32-tools/bin/../lib/gcc/pic32mx/4.5.2/../../../../pic32mx/lib/libpic32.a(vector31.o)
                0x9d0065e0                __vector_dispatch_31
                0x00000001                ASSERT (((_vector_spacing == 0x0) || (SIZEOF (.vector_31) <= (_vector_spacing << 0x5))), function at exception vector 31 too large)

.vector_32      0x9d006600        0x8
 *(.vector_32)
 .vector_32     0x9d006600        0x8 /home/gombe/workspace/machikania/origdev/pic32/compiler/pic32-tools/bin/../lib/gcc/pic32mx/4.5.2/../../../../pic32mx/lib/libpic32.a(vector32.o)
                0x9d006600                __vector_dispatch_32
                0x00000001                ASSERT (((_vector_spacing == 0x0) || (SIZEOF (.vector_32) <= (_vector_spacing << 0x5))), function at exception vector 32 too large)

.vector_33      0x9d006620        0x8
 *(.vector_33)
 .vector_33     0x9d006620        0x8 /home/gombe/workspace/machikania/origdev/pic32/compiler/pic32-tools/bin/../lib/gcc/pic32mx/4.5.2/../../../../pic32mx/lib/libpic32.a(vector33.o)
                0x9d006620                __vector_dispatch_33
                0x00000001                ASSERT (((_vector_spacing == 0x0) || (SIZEOF (.vector_33) <= (_vector_spacing << 0x5))), function at exception vector 33 too large)

.vector_34      0x9d006640        0x8
 *(.vector_34)
 .vector_34     0x9d006640        0x8 /home/gombe/workspace/machikania/origdev/pic32/compiler/pic32-tools/bin/../lib/gcc/pic32mx/4.5.2/../../../../pic32mx/lib/libpic32.a(vector34.o)
                0x9d006640                __vector_dispatch_34
                0x00000001                ASSERT (((_vector_spacing == 0x0) || (SIZEOF (.vector_34) <= (_vector_spacing << 0x5))), function at exception vector 34 too large)

.vector_35      0x9d006660        0x8
 *(.vector_35)
 .vector_35     0x9d006660        0x8 /home/gombe/workspace/machikania/origdev/pic32/compiler/pic32-tools/bin/../lib/gcc/pic32mx/4.5.2/../../../../pic32mx/lib/libpic32.a(vector35.o)
                0x9d006660                __vector_dispatch_35
                0x00000001                ASSERT (((_vector_spacing == 0x0) || (SIZEOF (.vector_35) <= (_vector_spacing << 0x5))), function at exception vector 35 too large)

.vector_36      0x9d006680        0x8
 *(.vector_36)
 .vector_36     0x9d006680        0x8 /home/gombe/workspace/machikania/origdev/pic32/compiler/pic32-tools/bin/../lib/gcc/pic32mx/4.5.2/../../../../pic32mx/lib/libpic32.a(vector36.o)
                0x9d006680                __vector_dispatch_36
                0x00000001                ASSERT (((_vector_spacing == 0x0) || (SIZEOF (.vector_36) <= (_vector_spacing << 0x5))), function at exception vector 36 too large)

.vector_37      0x9d0066a0        0x8
 *(.vector_37)
 .vector_37     0x9d0066a0        0x8 /home/gombe/workspace/machikania/origdev/pic32/compiler/pic32-tools/bin/../lib/gcc/pic32mx/4.5.2/../../../../pic32mx/lib/libpic32.a(vector37.o)
                0x9d0066a0                __vector_dispatch_37
                0x00000001                ASSERT (((_vector_spacing == 0x0) || (SIZEOF (.vector_37) <= (_vector_spacing << 0x5))), function at exception vector 37 too large)

.vector_38      0x9d0066c0        0x8
 *(.vector_38)
 .vector_38     0x9d0066c0        0x8 /home/gombe/workspace/machikania/origdev/pic32/compiler/pic32-tools/bin/../lib/gcc/pic32mx/4.5.2/../../../../pic32mx/lib/libpic32.a(vector38.o)
                0x9d0066c0                __vector_dispatch_38
                0x00000001                ASSERT (((_vector_spacing == 0x0) || (SIZEOF (.vector_38) <= (_vector_spacing << 0x5))), function at exception vector 38 too large)

.vector_39      0x9d0066e0        0x8
 *(.vector_39)
 .vector_39     0x9d0066e0        0x8 /home/gombe/workspace/machikania/origdev/pic32/compiler/pic32-tools/bin/../lib/gcc/pic32mx/4.5.2/../../../../pic32mx/lib/libpic32.a(vector39.o)
                0x9d0066e0                __vector_dispatch_39
                0x00000001                ASSERT (((_vector_spacing == 0x0) || (SIZEOF (.vector_39) <= (_vector_spacing << 0x5))), function at exception vector 39 too large)

.vector_40      0x9d006700        0x8
 *(.vector_40)
 .vector_40     0x9d006700        0x8 /home/gombe/workspace/machikania/origdev/pic32/compiler/pic32-tools/bin/../lib/gcc/pic32mx/4.5.2/../../../../pic32mx/lib/libpic32.a(vector40.o)
                0x9d006700                __vector_dispatch_40
                0x00000001                ASSERT (((_vector_spacing == 0x0) || (SIZEOF (.vector_40) <= (_vector_spacing << 0x5))), function at exception vector 40 too large)

.vector_41      0x9d006720        0x8
 *(.vector_41)
 .vector_41     0x9d006720        0x8 /home/gombe/workspace/machikania/origdev/pic32/compiler/pic32-tools/bin/../lib/gcc/pic32mx/4.5.2/../../../../pic32mx/lib/libpic32.a(vector41.o)
                0x9d006720                __vector_dispatch_41
                0x00000001                ASSERT (((_vector_spacing == 0x0) || (SIZEOF (.vector_41) <= (_vector_spacing << 0x5))), function at exception vector 41 too large)

.vector_42      0x9d006740        0x8
 *(.vector_42)
 .vector_42     0x9d006740        0x8 /home/gombe/workspace/machikania/origdev/pic32/compiler/pic32-tools/bin/../lib/gcc/pic32mx/4.5.2/../../../../pic32mx/lib/libpic32.a(vector42.o)
                0x9d006740                __vector_dispatch_42
                0x00000001                ASSERT (((_vector_spacing == 0x0) || (SIZEOF (.vector_42) <= (_vector_spacing << 0x5))), function at exception vector 42 too large)

.vector_43      0x9d006760        0x8
 *(.vector_43)
 .vector_43     0x9d006760        0x8 /home/gombe/workspace/machikania/origdev/pic32/compiler/pic32-tools/bin/../lib/gcc/pic32mx/4.5.2/../../../../pic32mx/lib/libpic32.a(vector43.o)
                0x9d006760                __vector_dispatch_43
                0x00000001                ASSERT (((_vector_spacing == 0x0) || (SIZEOF (.vector_43) <= (_vector_spacing << 0x5))), function at exception vector 43 too large)

.vector_44      0x9d006780        0x8
 *(.vector_44)
 .vector_44     0x9d006780        0x8 /home/gombe/workspace/machikania/origdev/pic32/compiler/pic32-tools/bin/../lib/gcc/pic32mx/4.5.2/../../../../pic32mx/lib/libpic32.a(vector44.o)
                0x9d006780                __vector_dispatch_44
                0x00000001                ASSERT (((_vector_spacing == 0x0) || (SIZEOF (.vector_44) <= (_vector_spacing << 0x5))), function at exception vector 44 too large)

.vector_45      0x9d0067a0        0x8
 *(.vector_45)
 .vector_45     0x9d0067a0        0x8 /home/gombe/workspace/machikania/origdev/pic32/compiler/pic32-tools/bin/../lib/gcc/pic32mx/4.5.2/../../../../pic32mx/lib/libpic32.a(vector45.o)
                0x9d0067a0                __vector_dispatch_45
                0x00000001                ASSERT (((_vector_spacing == 0x0) || (SIZEOF (.vector_45) <= (_vector_spacing << 0x5))), function at exception vector 45 too large)

.vector_46      0x9d0067c0        0x8
 *(.vector_46)
 .vector_46     0x9d0067c0        0x8 /home/gombe/workspace/machikania/origdev/pic32/compiler/pic32-tools/bin/../lib/gcc/pic32mx/4.5.2/../../../../pic32mx/lib/libpic32.a(vector46.o)
                0x9d0067c0                __vector_dispatch_46
                0x00000001                ASSERT (((_vector_spacing == 0x0) || (SIZEOF (.vector_46) <= (_vector_spacing << 0x5))), function at exception vector 46 too large)

.vector_47      0x9d0067e0        0x8
 *(.vector_47)
 .vector_47     0x9d0067e0        0x8 /home/gombe/workspace/machikania/origdev/pic32/compiler/pic32-tools/bin/../lib/gcc/pic32mx/4.5.2/../../../../pic32mx/lib/libpic32.a(vector47.o)
                0x9d0067e0                __vector_dispatch_47
                0x00000001                ASSERT (((_vector_spacing == 0x0) || (SIZEOF (.vector_47) <= (_vector_spacing << 0x5))), function at exception vector 47 too large)

.vector_48      0x9d006800        0x8
 *(.vector_48)
 .vector_48     0x9d006800        0x8 /home/gombe/workspace/machikania/origdev/pic32/compiler/pic32-tools/bin/../lib/gcc/pic32mx/4.5.2/../../../../pic32mx/lib/libpic32.a(vector48.o)
                0x9d006800                __vector_dispatch_48
                0x00000001                ASSERT (((_vector_spacing == 0x0) || (SIZEOF (.vector_48) <= (_vector_spacing << 0x5))), function at exception vector 48 too large)

.vector_49      0x9d006820        0x8
 *(.vector_49)
 .vector_49     0x9d006820        0x8 /home/gombe/workspace/machikania/origdev/pic32/compiler/pic32-tools/bin/../lib/gcc/pic32mx/4.5.2/../../../../pic32mx/lib/libpic32.a(vector49.o)
                0x9d006820                __vector_dispatch_49
                0x00000001                ASSERT (((_vector_spacing == 0x0) || (SIZEOF (.vector_49) <= (_vector_spacing << 0x5))), function at exception vector 49 too large)

.vector_50      0x9d006840        0x8
 *(.vector_50)
 .vector_50     0x9d006840        0x8 /home/gombe/workspace/machikania/origdev/pic32/compiler/pic32-tools/bin/../lib/gcc/pic32mx/4.5.2/../../../../pic32mx/lib/libpic32.a(vector50.o)
                0x9d006840                __vector_dispatch_50
                0x00000001                ASSERT (((_vector_spacing == 0x0) || (SIZEOF (.vector_50) <= (_vector_spacing << 0x5))), function at exception vector 50 too large)

.vector_51      0x9d006860        0x8
 *(.vector_51)
 .vector_51     0x9d006860        0x8 /home/gombe/workspace/machikania/origdev/pic32/compiler/pic32-tools/bin/../lib/gcc/pic32mx/4.5.2/../../../../pic32mx/lib/libpic32.a(vector51.o)
                0x9d006860                __vector_dispatch_51
                0x00000001                ASSERT (((_vector_spacing == 0x0) || (SIZEOF (.vector_51) <= (_vector_spacing << 0x5))), function at exception vector 51 too large)

.vector_52      0x9d006880        0x8
 *(.vector_52)
 .vector_52     0x9d006880        0x8 /home/gombe/workspace/machikania/origdev/pic32/compiler/pic32-tools/bin/../lib/gcc/pic32mx/4.5.2/../../../../pic32mx/lib/libpic32.a(vector52.o)
                0x9d006880                __vector_dispatch_52
                0x00000001                ASSERT (((_vector_spacing == 0x0) || (SIZEOF (.vector_52) <= (_vector_spacing << 0x5))), function at exception vector 52 too large)

.vector_53      0x9d0068a0        0x8
 *(.vector_53)
 .vector_53     0x9d0068a0        0x8 /home/gombe/workspace/machikania/origdev/pic32/compiler/pic32-tools/bin/../lib/gcc/pic32mx/4.5.2/../../../../pic32mx/lib/libpic32.a(vector53.o)
                0x9d0068a0                __vector_dispatch_53
                0x00000001                ASSERT (((_vector_spacing == 0x0) || (SIZEOF (.vector_53) <= (_vector_spacing << 0x5))), function at exception vector 53 too large)

.vector_54      0x9d0068c0        0x8
 *(.vector_54)
 .vector_54     0x9d0068c0        0x8 /home/gombe/workspace/machikania/origdev/pic32/compiler/pic32-tools/bin/../lib/gcc/pic32mx/4.5.2/../../../../pic32mx/lib/libpic32.a(vector54.o)
                0x9d0068c0                __vector_dispatch_54
                0x00000001                ASSERT (((_vector_spacing == 0x0) || (SIZEOF (.vector_54) <= (_vector_spacing << 0x5))), function at exception vector 54 too large)

.vector_55      0x9d0068e0        0x8
 *(.vector_55)
 .vector_55     0x9d0068e0        0x8 /home/gombe/workspace/machikania/origdev/pic32/compiler/pic32-tools/bin/../lib/gcc/pic32mx/4.5.2/../../../../pic32mx/lib/libpic32.a(vector55.o)
                0x9d0068e0                __vector_dispatch_55
                0x00000001                ASSERT (((_vector_spacing == 0x0) || (SIZEOF (.vector_55) <= (_vector_spacing << 0x5))), function at exception vector 55 too large)

.vector_56      0x9d006900        0x8
 *(.vector_56)
 .vector_56     0x9d006900        0x8 /home/gombe/workspace/machikania/origdev/pic32/compiler/pic32-tools/bin/../lib/gcc/pic32mx/4.5.2/../../../../pic32mx/lib/libpic32.a(vector56.o)
                0x9d006900                __vector_dispatch_56
                0x00000001                ASSERT (((_vector_spacing == 0x0) || (SIZEOF (.vector_56) <= (_vector_spacing << 0x5))), function at exception vector 56 too large)

.vector_57      0x9d006920        0x8
 *(.vector_57)
 .vector_57     0x9d006920        0x8 /home/gombe/workspace/machikania/origdev/pic32/compiler/pic32-tools/bin/../lib/gcc/pic32mx/4.5.2/../../../../pic32mx/lib/libpic32.a(vector57.o)
                0x9d006920                __vector_dispatch_57
                0x00000001                ASSERT (((_vector_spacing == 0x0) || (SIZEOF (.vector_57) <= (_vector_spacing << 0x5))), function at exception vector 57 too large)

.vector_58      0x9d006940        0x8
 *(.vector_58)
 .vector_58     0x9d006940        0x8 /home/gombe/workspace/machikania/origdev/pic32/compiler/pic32-tools/bin/../lib/gcc/pic32mx/4.5.2/../../../../pic32mx/lib/libpic32.a(vector58.o)
                0x9d006940                __vector_dispatch_58
                0x00000001                ASSERT (((_vector_spacing == 0x0) || (SIZEOF (.vector_58) <= (_vector_spacing << 0x5))), function at exception vector 58 too large)

.vector_59      0x9d006960        0x8
 *(.vector_59)
 .vector_59     0x9d006960        0x8 /home/gombe/workspace/machikania/origdev/pic32/compiler/pic32-tools/bin/../lib/gcc/pic32mx/4.5.2/../../../../pic32mx/lib/libpic32.a(vector59.o)
                0x9d006960                __vector_dispatch_59
                0x00000001                ASSERT (((_vector_spacing == 0x0) || (SIZEOF (.vector_59) <= (_vector_spacing << 0x5))), function at exception vector 59 too large)

.vector_60      0x9d006980        0x8
 *(.vector_60)
 .vector_60     0x9d006980        0x8 /home/gombe/workspace/machikania/origdev/pic32/compiler/pic32-tools/bin/../lib/gcc/pic32mx/4.5.2/../../../../pic32mx/lib/libpic32.a(vector60.o)
                0x9d006980                __vector_dispatch_60
                0x00000001                ASSERT (((_vector_spacing == 0x0) || (SIZEOF (.vector_60) <= (_vector_spacing << 0x5))), function at exception vector 60 too large)

.vector_61      0x9d0069a0        0x8
 *(.vector_61)
 .vector_61     0x9d0069a0        0x8 /home/gombe/workspace/machikania/origdev/pic32/compiler/pic32-tools/bin/../lib/gcc/pic32mx/4.5.2/../../../../pic32mx/lib/libpic32.a(vector61.o)
                0x9d0069a0                __vector_dispatch_61
                0x00000001                ASSERT (((_vector_spacing == 0x0) || (SIZEOF (.vector_61) <= (_vector_spacing << 0x5))), function at exception vector 61 too large)

.vector_62      0x9d0069c0        0x8
 *(.vector_62)
 .vector_62     0x9d0069c0        0x8 /home/gombe/workspace/machikania/origdev/pic32/compiler/pic32-tools/bin/../lib/gcc/pic32mx/4.5.2/../../../../pic32mx/lib/libpic32.a(vector62.o)
                0x9d0069c0                __vector_dispatch_62
                0x00000001                ASSERT (((_vector_spacing == 0x0) || (SIZEOF (.vector_62) <= (_vector_spacing << 0x5))), function at exception vector 62 too large)

.vector_63      0x9d0069e0        0x8
 *(.vector_63)
 .vector_63     0x9d0069e0        0x8 /home/gombe/workspace/machikania/origdev/pic32/compiler/pic32-tools/bin/../lib/gcc/pic32mx/4.5.2/../../../../pic32mx/lib/libpic32.a(vector63.o)
                0x9d0069e0                __vector_dispatch_63
                0x00000001                ASSERT (((_vector_spacing == 0x0) || (SIZEOF (.vector_63) <= (_vector_spacing << 0x5))), function at exception vector 63 too large)

.startup
 *(.startup)

.text           0x9d007490        0x0
 *(.stub .gnu.linkonce.t.*)
 *(.text.*personality*)
 *(.mips16.fn.*)
 *(.mips16.call.*)
 *(.gnu.warning)
                0x9d007490                . = ALIGN (0x4)

.init           0x9d007490       0x24
 *crti.o(.init)
 .init          0x9d007490        0x8 obj/crti.o
                0x9d007490                _init
 *crtbegin.o(.init)
 .init          0x9d007498        0x8 ../../pic32/compiler/pic32-tools/bin/../lib/gcc/pic32mx/4.5.2/crtbegin.o
 *(EXCLUDE_FILE(*crtn.o *crtend?.o *crtend.o) .init)
 *crtend.o(.init)
 .init          0x9d0074a0        0x8 ../../pic32/compiler/pic32-tools/bin/../lib/gcc/pic32mx/4.5.2/crtend.o
 *crtn.o(.init)
 .init          0x9d0074a8        0xc obj/crtn.o
                0x9d0074b4                . = ALIGN (0x4)

.fini           0x9d0074b4       0x1c
 *(.fini)
 .fini          0x9d0074b4        0xc obj/crtn.o
 .fini          0x9d0074c0        0x8 obj/crti.o
                0x9d0074c0                _fini
 .fini          0x9d0074c8        0x8 ../../pic32/compiler/pic32-tools/bin/../lib/gcc/pic32mx/4.5.2/crtbegin.o
                0x9d0074d0                . = ALIGN (0x4)

.preinit_array  0x9d0074d0        0x0
                0x9d0074d0                PROVIDE (__preinit_array_start, .)
 *(.preinit_array)
                0x9d0074d0                PROVIDE (__preinit_array_end, .)
                0x9d0074d0                . = ALIGN (0x4)

.init_array     0x9d0074d0        0x0
                0x9d0074d0                PROVIDE (__init_array_start, .)
 *(SORT(.init_array.*))
 *(.init_array)
                0x9d0074d0                PROVIDE (__init_array_end, .)
                0x9d0074d0                . = ALIGN (0x4)

.fini_array     0x9d0074d0        0x0
                0x9d0074d0                PROVIDE (__fini_array_start, .)
 *(SORT(.fini_array.*))
 *(.fini_array)
                0x9d0074d0                PROVIDE (__fini_array_end, .)
                0x9d0074d0                . = ALIGN (0x4)

.ctors          0x9d0074d0        0xc
 *crtbegin.o(.ctors)
 .ctors         0x9d0074d0        0x4 ../../pic32/compiler/pic32-tools/bin/../lib/gcc/pic32mx/4.5.2/crtbegin.o
 *crtbegin?.o(.ctors)
 *(EXCLUDE_FILE(*crtend?.o *crtend.o) .ctors)
 .ctors         0x9d0074d4        0x4 obj/newmain.o
 *(SORT(.ctors.*))
 *(.ctors)
 .ctors         0x9d0074d8        0x4 ../../pic32/compiler/pic32-tools/bin/../lib/gcc/pic32mx/4.5.2/crtend.o
                0x9d0074dc                . = ALIGN (0x4)

.dtors          0x9d0074dc        0x8
 *crtbegin.o(.dtors)
 .dtors         0x9d0074dc        0x4 ../../pic32/compiler/pic32-tools/bin/../lib/gcc/pic32mx/4.5.2/crtbegin.o
 *crtbegin?.o(.dtors)
 *(EXCLUDE_FILE(*crtend?.o *crtend.o) .dtors)
 *(SORT(.dtors.*))
 *(.dtors)
 .dtors         0x9d0074e0        0x4 ../../pic32/compiler/pic32-tools/bin/../lib/gcc/pic32mx/4.5.2/crtend.o
                0x9d0074e0                __DTOR_END__
                0x9d0074e4                . = ALIGN (0x4)

.rodata         0x9d0074e4        0x0
 *(.gnu.linkonce.r.*)
 *(.rodata1)
                0x9d0074e4                . = ALIGN (0x4)

.sdata2         0x9d0074e4        0x0
 *(.sdata2 .sdata2.* .gnu.linkonce.s2.*)
                0x9d0074e4                . = ALIGN (0x4)

.sbss2          0x9d0074e4        0x0
 *(.sbss2 .sbss2.* .gnu.linkonce.sb2.*)
                0x9d0074e4                . = ALIGN (0x4)

.eh_frame_hdr
 *(.eh_frame_hdr)
                0x9d0074e4                . = ALIGN (0x4)

.eh_frame
 *(.eh_frame)
                0x9d0074e4                . = ALIGN (0x4)

.gcc_except_table
 *(.gcc_except_table .gcc_except_table.*)
                0x9d0074e4                . = ALIGN (0x4)

.dbg_data       0xa0000000        0x0
                0xa0000000                . = (. + DEFINED (_DEBUGGER)?0x200:0x0)

.jcr            0xa0000000        0x4
 *(.jcr)
 .jcr           0xa0000000        0x4 ../../pic32/compiler/pic32-tools/bin/../lib/gcc/pic32mx/4.5.2/crtend.o
 .jcr           0xa0000004        0x0 ../../pic32/compiler/pic32-tools/bin/../lib/gcc/pic32mx/4.5.2/crtbegin.o
                0xa0000004                . = ALIGN (0x4)

.eh_frame       0xa0000004        0x4
 *(.eh_frame)
 .eh_frame      0xa0000004        0x4 ../../pic32/compiler/pic32-tools/bin/../lib/gcc/pic32mx/4.5.2/crtend.o
 .eh_frame      0xa0000008        0x0 ../../pic32/compiler/pic32-tools/bin/../lib/gcc/pic32mx/4.5.2/crtbegin.o
                0xa0000008                . = ALIGN (0x4)

.gcc_except_table
 *(.gcc_except_table .gcc_except_table.*)
                0xa0000008                . = ALIGN (0x4)

.persist        0xa0000008        0x0
                0xa0000008                _persist_begin = .
 *(.persist .persist.*)
 *(.pbss .pbss.*)
                0xa0000008                . = ALIGN (0x4)
                0xa0000008                _persist_end = .

.data           0xa0000008        0x0
 *(.gnu.linkonce.d.*)
 *(.data1)
                0xa0000008                . = ALIGN (0x4)
                0xa0000008                . = .
                0xa0008000                _gp = (ALIGN (0x10) + 0x7ff0)

.got            0xa0000008        0x0
 *(.got.plt)
 *(.got)
                0xa0000008                . = ALIGN (0x4)

.sdata          0xa0000008        0x8
                0xa0000008                _sdata_begin = .
 *(.sdata .sdata.* .gnu.linkonce.s.*)
 .sdata         0xa0000008        0x4 obj/mmc_xmega.o
 .sdata         0xa000000c        0x4 ../../pic32/compiler/pic32-tools/bin/../lib/gcc/pic32mx/4.5.2/crtbegin.o
                0xa000000c                __dso_handle
                0xa0000010                . = ALIGN (0x4)
                0xa0000010                _sdata_end = .

.lit8
 *(.lit8)

.lit4
 *(.lit4)
                0xa0000010                . = ALIGN (0x4)
                0xa0000010                _data_end = .
                0xa0000010                _bss_begin = .

.sbss           0xa0000010       0x34
                0xa0000010                _sbss_begin = .
 *(.dynsbss)
 *(.sbss .sbss.* .gnu.linkonce.sb.*)
 .sbss          0xa0000010        0x4 obj/xprintf.o
 .sbss          0xa0000014        0x8 obj/ff.o
 .sbss          0xa000001c        0xc obj/mmc_xmega.o
 .sbss          0xa0000028        0x8 obj/newmain.o
                0xa0000028                xp
                0xa000002c                Hello
 .sbss          0xa0000030        0xc obj/composite32-high4.o
                0xa0000030                VRAMp
                0xa0000034                LineCount
                0xa0000036                drawcount
                0xa0000038                drawing
 *(.scommon)
 .scommon       0xa000003c        0x8 obj/xprintf.o
                0xa000003c                xfunc_in
                0xa0000040                xfunc_out
                0xa0000044                _sbss_end = .
                0xa0000044                . = ALIGN (0x4)

.bss            0xa0000044        0x0
 *(.dynbss)
 *(COMMON)
                0xa0000044                . = ALIGN ((. != 0x0)?0x4:0x1)
                0xa0000044                . = ALIGN (0x4)
                0xa0000044                _end = .
                0xa0000044                _bss_end = .
                0x00010000                _bmxdudba_address = 0x10000
                0x00010000                _bmxdupba_address = 0x10000

/DISCARD/
 *(.pdr)
 *(.rel.dyn)
 *(.note.GNU-stack)
 *(.note.GNU-stack)
 *(.gnu_debuglink)
 *(.gnu.lto_*)
 *(.discard)

.gptab.sdata
 *(.gptab.data)
 *(.gptab.sdata)

.gptab.sbss
 *(.gptab.bss)
 *(.gptab.sbss)

.mdebug.abi32   0xa0000044        0x0
 *(.mdebug.abi32)
 .mdebug.abi32  0xa0000044        0x0 obj/xprintf.o
 .mdebug.abi32  0xa0000044        0x0 obj/ff.o
 .mdebug.abi32  0xa0000044        0x0 obj/mmc_xmega.o
 .mdebug.abi32  0xa0000044        0x0 obj/newmain.o
 .mdebug.abi32  0xa0000044        0x0 obj/vector2.o
 .mdebug.abi32  0xa0000044        0x0 obj/composite32-high4.o
 .mdebug.abi32  0xa0000044        0x0 ../../pic32/compiler/pic32-tools/bin/../lib/gcc/pic32mx/4.5.2/crtend.o
 .mdebug.abi32  0xa0000044        0x0 ../../pic32/compiler/pic32-tools/bin/../lib/gcc/pic32mx/4.5.2/crtbegin.o
 .mdebug.abi32  0xa0000044        0x0 /home/gombe/workspace/machikania/origdev/pic32/compiler/pic32-tools/bin/../lib/gcc/pic32mx/4.5.2/../../../../pic32mx/lib/libpic32.a(default-bootstrap-exception-handler.o)
 .mdebug.abi32  0xa0000044        0x0 /home/gombe/workspace/machikania/origdev/pic32/compiler/pic32-tools/bin/../lib/gcc/pic32mx/4.5.2/../../../../pic32mx/lib/libpic32.a(default-on-reset.o)
 .mdebug.abi32  0xa0000044        0x0 /home/gombe/workspace/machikania/origdev/pic32/compiler/pic32-tools/bin/../lib/gcc/pic32mx/4.5.2/../../../../pic32mx/lib/libpic32.a(default-on-bootstrap.o)
 .mdebug.abi32  0xa0000044        0x0 /home/gombe/workspace/machikania/origdev/pic32/compiler/pic32-tools/bin/../lib/gcc/pic32mx/4.5.2/../../../../pic32mx/lib/libpic32.a(defaultinterrupt.o)
 .mdebug.abi32  0xa0000044        0x0 /home/gombe/workspace/machikania/origdev/pic32/compiler/pic32-tools/bin/../lib/gcc/pic32mx/4.5.2/../../../../pic32mx/lib/libmchp_peripheral_32MX250F128B.a(osc_config_lib.o)
 .mdebug.abi32  0xa0000044        0x0 /home/gombe/workspace/machikania/origdev/pic32/compiler/pic32-tools/bin/../lib/gcc/pic32mx/4.5.2/../../../../pic32mx/lib/libmchp_peripheral_32MX250F128B.a(int_disable_interrupts_lib.o)
 .mdebug.abi32  0xa0000044        0x0 /home/gombe/workspace/machikania/origdev/pic32/compiler/pic32-tools/bin/../lib/gcc/pic32mx/4.5.2/../../../../pic32mx/lib/libmchp_peripheral_32MX250F128B.a(int_restore_interrupts_lib.o)
 .mdebug.abi32  0xa0000044        0x0 /home/gombe/workspace/machikania/origdev/pic32/compiler/pic32-tools/bin/../lib/gcc/pic32mx/4.5.2/../../../../pic32mx/lib/libmchp_peripheral_32MX250F128B.a(int_enable_mv_int_lib.o)
 .mdebug.abi32  0xa0000044        0x0 /home/gombe/workspace/machikania/origdev/pic32/compiler/pic32-tools/bin/../lib/gcc/pic32mx/4.5.2/../../../../pic32mx/lib/libmchp_peripheral_32MX250F128B.a(spi_getc_spi2_lib_legacy.o)
 .mdebug.abi32  0xa0000044        0x0 /home/gombe/workspace/machikania/origdev/pic32/compiler/pic32-tools/bin/../lib/gcc/pic32mx/4.5.2/../../../../pic32mx/lib/libmchp_peripheral_32MX250F128B.a(spi_open_spi2_lib_legacy.o)
 .mdebug.abi32  0xa0000044        0x0 /home/gombe/workspace/machikania/origdev/pic32/compiler/pic32-tools/bin/../lib/gcc/pic32mx/4.5.2/../../../../pic32mx/lib/libmchp_peripheral_32MX250F128B.a(spi_brg_tbl_lib_legacy.o)
 .mdebug.abi32  0xa0000044        0x0 /home/gombe/workspace/machikania/origdev/pic32/compiler/pic32-tools/bin/../lib/gcc/pic32mx/4.5.2/../../../../pic32mx/lib/libmchp_peripheral_32MX250F128B.a(dma_chn_clr_ev_flags_lib.o)
 .mdebug.abi32  0xa0000044        0x0 /home/gombe/workspace/machikania/origdev/pic32/compiler/pic32-tools/bin/../lib/gcc/pic32mx/4.5.2/../../../../pic32mx/lib/libmchp_peripheral_32MX250F128B.a(dma_chn_open_lib.o)
 .mdebug.abi32  0xa0000044        0x0 /home/gombe/workspace/machikania/origdev/pic32/compiler/pic32-tools/bin/../lib/gcc/pic32mx/4.5.2/../../../../pic32mx/lib/libmchp_peripheral_32MX250F128B.a(dma_chn_enable_lib.o)
 .mdebug.abi32  0xa0000044        0x0 /home/gombe/workspace/machikania/origdev/pic32/compiler/pic32-tools/bin/../lib/gcc/pic32mx/4.5.2/../../../../pic32mx/lib/libmchp_peripheral_32MX250F128B.a(dma_chn_get_ev_flags_lib.o)
 .mdebug.abi32  0xa0000044        0x0 /home/gombe/workspace/machikania/origdev/pic32/compiler/pic32-tools/bin/../lib/gcc/pic32mx/4.5.2/../../../../pic32mx/lib/libmchp_peripheral_32MX250F128B.a(dma_chn_write_event_control_flags_lib.o)
 .mdebug.abi32  0xa0000044        0x0 /home/gombe/workspace/machikania/origdev/pic32/compiler/pic32-tools/bin/../lib/gcc/pic32mx/4.5.2/../../../../pic32mx/lib/libmchp_peripheral_32MX250F128B.a(dma_chn_set_txfer_lib.o)
 .mdebug.abi32  0xa0000044        0x0 /home/gombe/workspace/machikania/origdev/pic32/compiler/pic32-tools/bin/../lib/gcc/pic32mx/4.5.2/../../../../pic32mx/lib/libmchp_peripheral_32MX250F128B.a(dma_chn_start_txfer_lib.o)
 .mdebug.abi32  0xa0000044        0x0 /home/gombe/workspace/machikania/origdev/pic32/compiler/pic32-tools/bin/../lib/gcc/pic32mx/4.5.2/../../../../pic32mx/lib/libmchp_peripheral_32MX250F128B.a(dma_reg_map_tbl_lib.o)
 .mdebug.abi32  0xa0000044        0x0 /home/gombe/workspace/machikania/origdev/pic32/compiler/pic32-tools/bin/../lib/gcc/pic32mx/4.5.2/../../../../pic32mx/lib/libmchp_peripheral_32MX250F128B.a(int_enable_interrupts_lib.o)
 .mdebug.abi32  0xa0000044        0x0 /home/gombe/workspace/machikania/origdev/pic32/compiler/pic32-tools/bin/../lib/gcc/pic32mx/4.5.2/../../../../pic32mx/lib/libmchp_peripheral_32MX250F128B.a(int_tbl_lib.o)

.mdebug.abiN32
 *(.mdebug.abiN32)

.mdebug.abi64
 *(.mdebug.abi64)

.mdebug.abiO64
 *(.mdebug.abiO64)

.mdebug.eabi32
 *(.mdebug.eabi32)

.mdebug.eabi64
 *(.mdebug.eabi64)

.gcc_compiled_long32
 *(.gcc_compiled_long32)

.gcc_compiled_long64
 *(.gcc_compiled_long64)

.stab
 *(.stab)

.stabstr
 *(.stabstr)

.stab.excl
 *(.stab.excl)

.stab.exclstr
 *(.stab.exclstr)

.stab.index
 *(.stab.index)

.stab.indexstr
 *(.stab.indexstr)

.comment        0x00000000       0x77
 *(.comment)
 .comment       0x00000000       0x3b obj/xprintf.o
                                 0x3c (size before relaxing)
 .comment       0x00000000       0x3c obj/ff.o
 .comment       0x00000000       0x3c obj/mmc_xmega.o
 .comment       0x00000000       0x3c obj/newmain.o
 .comment       0x00000000       0x3c obj/vector2.o
 .comment       0x00000000       0x3c obj/composite32-high4.o
 .comment       0x00000000       0x3c ../../pic32/compiler/pic32-tools/bin/../lib/gcc/pic32mx/4.5.2/crtend.o
 .comment       0x00000000       0x3c ../../pic32/compiler/pic32-tools/bin/../lib/gcc/pic32mx/4.5.2/crtbegin.o
 .comment       0x00000000       0x3c /home/gombe/workspace/machikania/origdev/pic32/compiler/pic32-tools/bin/../lib/gcc/pic32mx/4.5.2/../../../../pic32mx/lib/libpic32.a(default-bootstrap-exception-handler.o)
 .comment       0x00000000       0x3c /home/gombe/workspace/machikania/origdev/pic32/compiler/pic32-tools/bin/../lib/gcc/pic32mx/4.5.2/../../../../pic32mx/lib/libpic32.a(default-on-reset.o)
 .comment       0x00000000       0x3c /home/gombe/workspace/machikania/origdev/pic32/compiler/pic32-tools/bin/../lib/gcc/pic32mx/4.5.2/../../../../pic32mx/lib/libpic32.a(default-on-bootstrap.o)
 .comment       0x00000000       0x3c /home/gombe/workspace/machikania/origdev/pic32/compiler/pic32-tools/bin/../lib/gcc/pic32mx/4.5.2/../../../../pic32mx/lib/libpic32.a(defaultinterrupt.o)
 .comment       0x0000003b       0x3c /home/gombe/workspace/machikania/origdev/pic32/compiler/pic32-tools/bin/../lib/gcc/pic32mx/4.5.2/../../../../pic32mx/lib/libmchp_peripheral_32MX250F128B.a(osc_config_lib.o)
                                 0x3d (size before relaxing)
 .comment       0x00000000       0x3d /home/gombe/workspace/machikania/origdev/pic32/compiler/pic32-tools/bin/../lib/gcc/pic32mx/4.5.2/../../../../pic32mx/lib/libmchp_peripheral_32MX250F128B.a(int_disable_interrupts_lib.o)
 .comment       0x00000000       0x3d /home/gombe/workspace/machikania/origdev/pic32/compiler/pic32-tools/bin/../lib/gcc/pic32mx/4.5.2/../../../../pic32mx/lib/libmchp_peripheral_32MX250F128B.a(int_restore_interrupts_lib.o)
 .comment       0x00000000       0x3d /home/gombe/workspace/machikania/origdev/pic32/compiler/pic32-tools/bin/../lib/gcc/pic32mx/4.5.2/../../../../pic32mx/lib/libmchp_peripheral_32MX250F128B.a(int_enable_mv_int_lib.o)
 .comment       0x00000000       0x3d /home/gombe/workspace/machikania/origdev/pic32/compiler/pic32-tools/bin/../lib/gcc/pic32mx/4.5.2/../../../../pic32mx/lib/libmchp_peripheral_32MX250F128B.a(spi_getc_spi2_lib_legacy.o)
 .comment       0x00000000       0x3d /home/gombe/workspace/machikania/origdev/pic32/compiler/pic32-tools/bin/../lib/gcc/pic32mx/4.5.2/../../../../pic32mx/lib/libmchp_peripheral_32MX250F128B.a(spi_open_spi2_lib_legacy.o)
 .comment       0x00000000       0x3d /home/gombe/workspace/machikania/origdev/pic32/compiler/pic32-tools/bin/../lib/gcc/pic32mx/4.5.2/../../../../pic32mx/lib/libmchp_peripheral_32MX250F128B.a(spi_brg_tbl_lib_legacy.o)
 .comment       0x00000000       0x3d /home/gombe/workspace/machikania/origdev/pic32/compiler/pic32-tools/bin/../lib/gcc/pic32mx/4.5.2/../../../../pic32mx/lib/libmchp_peripheral_32MX250F128B.a(dma_chn_clr_ev_flags_lib.o)
 .comment       0x00000000       0x3d /home/gombe/workspace/machikania/origdev/pic32/compiler/pic32-tools/bin/../lib/gcc/pic32mx/4.5.2/../../../../pic32mx/lib/libmchp_peripheral_32MX250F128B.a(dma_chn_open_lib.o)
 .comment       0x00000000       0x3d /home/gombe/workspace/machikania/origdev/pic32/compiler/pic32-tools/bin/../lib/gcc/pic32mx/4.5.2/../../../../pic32mx/lib/libmchp_peripheral_32MX250F128B.a(dma_chn_enable_lib.o)
 .comment       0x00000000       0x3d /home/gombe/workspace/machikania/origdev/pic32/compiler/pic32-tools/bin/../lib/gcc/pic32mx/4.5.2/../../../../pic32mx/lib/libmchp_peripheral_32MX250F128B.a(dma_chn_get_ev_flags_lib.o)
 .comment       0x00000000       0x3d /home/gombe/workspace/machikania/origdev/pic32/compiler/pic32-tools/bin/../lib/gcc/pic32mx/4.5.2/../../../../pic32mx/lib/libmchp_peripheral_32MX250F128B.a(dma_chn_write_event_control_flags_lib.o)
 .comment       0x00000000       0x3d /home/gombe/workspace/machikania/origdev/pic32/compiler/pic32-tools/bin/../lib/gcc/pic32mx/4.5.2/../../../../pic32mx/lib/libmchp_peripheral_32MX250F128B.a(dma_chn_set_txfer_lib.o)
 .comment       0x00000000       0x3d /home/gombe/workspace/machikania/origdev/pic32/compiler/pic32-tools/bin/../lib/gcc/pic32mx/4.5.2/../../../../pic32mx/lib/libmchp_peripheral_32MX250F128B.a(dma_chn_start_txfer_lib.o)
 .comment       0x00000000       0x3d /home/gombe/workspace/machikania/origdev/pic32/compiler/pic32-tools/bin/../lib/gcc/pic32mx/4.5.2/../../../../pic32mx/lib/libmchp_peripheral_32MX250F128B.a(dma_reg_map_tbl_lib.o)
 .comment       0x00000000       0x3d /home/gombe/workspace/machikania/origdev/pic32/compiler/pic32-tools/bin/../lib/gcc/pic32mx/4.5.2/../../../../pic32mx/lib/libmchp_peripheral_32MX250F128B.a(int_enable_interrupts_lib.o)
 .comment       0x00000000       0x3d /home/gombe/workspace/machikania/origdev/pic32/compiler/pic32-tools/bin/../lib/gcc/pic32mx/4.5.2/../../../../pic32mx/lib/libmchp_peripheral_32MX250F128B.a(int_tbl_lib.o)

.debug
 *(.debug)

.line
 *(.line)

.debug_srcinfo
 *(.debug_srcinfo)

.debug_sfnames
 *(.debug_sfnames)

.debug_aranges  0x00000000      0x370
 *(.debug_aranges)
 .debug_aranges
                0x00000000       0x20 obj/xprintf.o
 .debug_aranges
                0x00000020       0x20 obj/ff.o
 .debug_aranges
                0x00000040       0x20 obj/mmc_xmega.o
 .debug_aranges
                0x00000060       0x20 obj/newmain.o
 .debug_aranges
                0x00000080       0x20 obj/vector2.o
 .debug_aranges
                0x000000a0       0x20 obj/composite32-high4.o
 .debug_aranges
                0x000000c0       0x28 obj/crtn.o
 .debug_aranges
                0x000000e8       0x28 obj/crti.o
 .debug_aranges
                0x00000110       0x40 obj/crt0.o
 .debug_aranges
                0x00000150       0x20 /home/gombe/workspace/machikania/origdev/pic32/compiler/pic32-tools/bin/../lib/gcc/pic32mx/4.5.2/../../../../pic32mx/lib/libmchp_peripheral_32MX250F128B.a(osc_config_lib.o)
 .debug_aranges
                0x00000170       0x20 /home/gombe/workspace/machikania/origdev/pic32/compiler/pic32-tools/bin/../lib/gcc/pic32mx/4.5.2/../../../../pic32mx/lib/libmchp_peripheral_32MX250F128B.a(int_disable_interrupts_lib.o)
 .debug_aranges
                0x00000190       0x20 /home/gombe/workspace/machikania/origdev/pic32/compiler/pic32-tools/bin/../lib/gcc/pic32mx/4.5.2/../../../../pic32mx/lib/libmchp_peripheral_32MX250F128B.a(int_restore_interrupts_lib.o)
 .debug_aranges
                0x000001b0       0x20 /home/gombe/workspace/machikania/origdev/pic32/compiler/pic32-tools/bin/../lib/gcc/pic32mx/4.5.2/../../../../pic32mx/lib/libmchp_peripheral_32MX250F128B.a(int_enable_mv_int_lib.o)
 .debug_aranges
                0x000001d0       0x20 /home/gombe/workspace/machikania/origdev/pic32/compiler/pic32-tools/bin/../lib/gcc/pic32mx/4.5.2/../../../../pic32mx/lib/libmchp_peripheral_32MX250F128B.a(spi_getc_spi2_lib_legacy.o)
 .debug_aranges
                0x000001f0       0x20 /home/gombe/workspace/machikania/origdev/pic32/compiler/pic32-tools/bin/../lib/gcc/pic32mx/4.5.2/../../../../pic32mx/lib/libmchp_peripheral_32MX250F128B.a(spi_open_spi2_lib_legacy.o)
 .debug_aranges
                0x00000210       0x20 /home/gombe/workspace/machikania/origdev/pic32/compiler/pic32-tools/bin/../lib/gcc/pic32mx/4.5.2/../../../../pic32mx/lib/libmchp_peripheral_32MX250F128B.a(dma_chn_clr_ev_flags_lib.o)
 .debug_aranges
                0x00000230       0x20 /home/gombe/workspace/machikania/origdev/pic32/compiler/pic32-tools/bin/../lib/gcc/pic32mx/4.5.2/../../../../pic32mx/lib/libmchp_peripheral_32MX250F128B.a(dma_chn_open_lib.o)
 .debug_aranges
                0x00000250       0x20 /home/gombe/workspace/machikania/origdev/pic32/compiler/pic32-tools/bin/../lib/gcc/pic32mx/4.5.2/../../../../pic32mx/lib/libmchp_peripheral_32MX250F128B.a(dma_chn_enable_lib.o)
 .debug_aranges
                0x00000270       0x20 /home/gombe/workspace/machikania/origdev/pic32/compiler/pic32-tools/bin/../lib/gcc/pic32mx/4.5.2/../../../../pic32mx/lib/libmchp_peripheral_32MX250F128B.a(dma_chn_get_ev_flags_lib.o)
 .debug_aranges
                0x00000290       0x20 /home/gombe/workspace/machikania/origdev/pic32/compiler/pic32-tools/bin/../lib/gcc/pic32mx/4.5.2/../../../../pic32mx/lib/libmchp_peripheral_32MX250F128B.a(dma_chn_write_event_control_flags_lib.o)
 .debug_aranges
                0x000002b0       0x20 /home/gombe/workspace/machikania/origdev/pic32/compiler/pic32-tools/bin/../lib/gcc/pic32mx/4.5.2/../../../../pic32mx/lib/libmchp_peripheral_32MX250F128B.a(dma_chn_set_txfer_lib.o)
 .debug_aranges
                0x000002d0       0x20 /home/gombe/workspace/machikania/origdev/pic32/compiler/pic32-tools/bin/../lib/gcc/pic32mx/4.5.2/../../../../pic32mx/lib/libmchp_peripheral_32MX250F128B.a(dma_chn_start_txfer_lib.o)
 .debug_aranges
                0x000002f0       0x20 /home/gombe/workspace/machikania/origdev/pic32/compiler/pic32-tools/bin/../lib/gcc/pic32mx/4.5.2/../../../../pic32mx/lib/libmchp_peripheral_32MX250F128B.a(int_enable_interrupts_lib.o)
 .debug_aranges
                0x00000310       0x60 /home/gombe/workspace/machikania/origdev/pic32/compiler/pic32-tools/bin/../lib/gcc/pic32mx/4.5.2/../../../../pic32mx/lib/libmchp_peripheral_32MX250F128B.a(int_tbl_lib.o)

.debug_pubnames
                0x00000000      0x870
 *(.debug_pubnames)
 .debug_pubnames
                0x00000000       0x9e obj/xprintf.o
 .debug_pubnames
                0x0000009e       0xef obj/ff.o
 .debug_pubnames
                0x0000018d       0x9e obj/mmc_xmega.o
 .debug_pubnames
                0x0000022b       0x57 obj/newmain.o
 .debug_pubnames
                0x00000282       0xf8 obj/vector2.o
 .debug_pubnames
                0x0000037a      0x207 obj/composite32-high4.o
 .debug_pubnames
                0x00000581       0x20 /home/gombe/workspace/machikania/origdev/pic32/compiler/pic32-tools/bin/../lib/gcc/pic32mx/4.5.2/../../../../pic32mx/lib/libmchp_peripheral_32MX250F128B.a(osc_config_lib.o)
 .debug_pubnames
                0x000005a1       0x2b /home/gombe/workspace/machikania/origdev/pic32/compiler/pic32-tools/bin/../lib/gcc/pic32mx/4.5.2/../../../../pic32mx/lib/libmchp_peripheral_32MX250F128B.a(int_disable_interrupts_lib.o)
 .debug_pubnames
                0x000005cc       0x2b /home/gombe/workspace/machikania/origdev/pic32/compiler/pic32-tools/bin/../lib/gcc/pic32mx/4.5.2/../../../../pic32mx/lib/libmchp_peripheral_32MX250F128B.a(int_restore_interrupts_lib.o)
 .debug_pubnames
                0x000005f7       0x36 /home/gombe/workspace/machikania/origdev/pic32/compiler/pic32-tools/bin/../lib/gcc/pic32mx/4.5.2/../../../../pic32mx/lib/libmchp_peripheral_32MX250F128B.a(int_enable_mv_int_lib.o)
 .debug_pubnames
                0x0000062d       0x1f /home/gombe/workspace/machikania/origdev/pic32/compiler/pic32-tools/bin/../lib/gcc/pic32mx/4.5.2/../../../../pic32mx/lib/libmchp_peripheral_32MX250F128B.a(spi_getc_spi2_lib_legacy.o)
 .debug_pubnames
                0x0000064c       0x1f /home/gombe/workspace/machikania/origdev/pic32/compiler/pic32-tools/bin/../lib/gcc/pic32mx/4.5.2/../../../../pic32mx/lib/libmchp_peripheral_32MX250F128B.a(spi_open_spi2_lib_legacy.o)
 .debug_pubnames
                0x0000066b       0x27 /home/gombe/workspace/machikania/origdev/pic32/compiler/pic32-tools/bin/../lib/gcc/pic32mx/4.5.2/../../../../pic32mx/lib/libmchp_peripheral_32MX250F128B.a(dma_chn_clr_ev_flags_lib.o)
 .debug_pubnames
                0x00000692       0x21 /home/gombe/workspace/machikania/origdev/pic32/compiler/pic32-tools/bin/../lib/gcc/pic32mx/4.5.2/../../../../pic32mx/lib/libmchp_peripheral_32MX250F128B.a(dma_chn_open_lib.o)
 .debug_pubnames
                0x000006b3       0x23 /home/gombe/workspace/machikania/origdev/pic32/compiler/pic32-tools/bin/../lib/gcc/pic32mx/4.5.2/../../../../pic32mx/lib/libmchp_peripheral_32MX250F128B.a(dma_chn_enable_lib.o)
 .debug_pubnames
                0x000006d6       0x27 /home/gombe/workspace/machikania/origdev/pic32/compiler/pic32-tools/bin/../lib/gcc/pic32mx/4.5.2/../../../../pic32mx/lib/libmchp_peripheral_32MX250F128B.a(dma_chn_get_ev_flags_lib.o)
 .debug_pubnames
                0x000006fd       0x33 /home/gombe/workspace/machikania/origdev/pic32/compiler/pic32-tools/bin/../lib/gcc/pic32mx/4.5.2/../../../../pic32mx/lib/libmchp_peripheral_32MX250F128B.a(dma_chn_write_event_control_flags_lib.o)
 .debug_pubnames
                0x00000730       0x25 /home/gombe/workspace/machikania/origdev/pic32/compiler/pic32-tools/bin/../lib/gcc/pic32mx/4.5.2/../../../../pic32mx/lib/libmchp_peripheral_32MX250F128B.a(dma_chn_set_txfer_lib.o)
 .debug_pubnames
                0x00000755       0x27 /home/gombe/workspace/machikania/origdev/pic32/compiler/pic32-tools/bin/../lib/gcc/pic32mx/4.5.2/../../../../pic32mx/lib/libmchp_peripheral_32MX250F128B.a(dma_chn_start_txfer_lib.o)
 .debug_pubnames
                0x0000077c       0x2a /home/gombe/workspace/machikania/origdev/pic32/compiler/pic32-tools/bin/../lib/gcc/pic32mx/4.5.2/../../../../pic32mx/lib/libmchp_peripheral_32MX250F128B.a(int_enable_interrupts_lib.o)
 .debug_pubnames
                0x000007a6       0xca /home/gombe/workspace/machikania/origdev/pic32/compiler/pic32-tools/bin/../lib/gcc/pic32mx/4.5.2/../../../../pic32mx/lib/libmchp_peripheral_32MX250F128B.a(int_tbl_lib.o)

.debug_info     0x00000000     0x96c1
 *(.debug_info .gnu.linkonce.wi.*)
 .debug_info    0x00000000      0x7f3 obj/xprintf.o
 .debug_info    0x000007f3     0x2264 obj/ff.o
 .debug_info    0x00002a57     0x1ef7 obj/mmc_xmega.o
 .debug_info    0x0000494e     0x1228 obj/newmain.o
 .debug_info    0x00005b76      0x525 obj/vector2.o
 .debug_info    0x0000609b     0x2949 obj/composite32-high4.o
 .debug_info    0x000089e4       0x71 obj/crtn.o
 .debug_info    0x00008a55       0x71 obj/crti.o
 .debug_info    0x00008ac6       0x71 obj/crt0.o
 .debug_info    0x00008b37       0xc0 /home/gombe/workspace/machikania/origdev/pic32/compiler/pic32-tools/bin/../lib/gcc/pic32mx/4.5.2/../../../../pic32mx/lib/libmchp_peripheral_32MX250F128B.a(osc_config_lib.o)
 .debug_info    0x00008bf7       0xb6 /home/gombe/workspace/machikania/origdev/pic32/compiler/pic32-tools/bin/../lib/gcc/pic32mx/4.5.2/../../../../pic32mx/lib/libmchp_peripheral_32MX250F128B.a(int_disable_interrupts_lib.o)
 .debug_info    0x00008cad       0xb6 /home/gombe/workspace/machikania/origdev/pic32/compiler/pic32-tools/bin/../lib/gcc/pic32mx/4.5.2/../../../../pic32mx/lib/libmchp_peripheral_32MX250F128B.a(int_restore_interrupts_lib.o)
 .debug_info    0x00008d63       0xbc /home/gombe/workspace/machikania/origdev/pic32/compiler/pic32-tools/bin/../lib/gcc/pic32mx/4.5.2/../../../../pic32mx/lib/libmchp_peripheral_32MX250F128B.a(int_enable_mv_int_lib.o)
 .debug_info    0x00008e1f       0xa8 /home/gombe/workspace/machikania/origdev/pic32/compiler/pic32-tools/bin/../lib/gcc/pic32mx/4.5.2/../../../../pic32mx/lib/libmchp_peripheral_32MX250F128B.a(spi_getc_spi2_lib_legacy.o)
 .debug_info    0x00008ec7       0xa8 /home/gombe/workspace/machikania/origdev/pic32/compiler/pic32-tools/bin/../lib/gcc/pic32mx/4.5.2/../../../../pic32mx/lib/libmchp_peripheral_32MX250F128B.a(spi_open_spi2_lib_legacy.o)
 .debug_info    0x00008f6f        0x0 /home/gombe/workspace/machikania/origdev/pic32/compiler/pic32-tools/bin/../lib/gcc/pic32mx/4.5.2/../../../../pic32mx/lib/libmchp_peripheral_32MX250F128B.a(spi_brg_tbl_lib_legacy.o)
 .debug_info    0x00008f6f       0xb0 /home/gombe/workspace/machikania/origdev/pic32/compiler/pic32-tools/bin/../lib/gcc/pic32mx/4.5.2/../../../../pic32mx/lib/libmchp_peripheral_32MX250F128B.a(dma_chn_clr_ev_flags_lib.o)
 .debug_info    0x0000901f       0xb5 /home/gombe/workspace/machikania/origdev/pic32/compiler/pic32-tools/bin/../lib/gcc/pic32mx/4.5.2/../../../../pic32mx/lib/libmchp_peripheral_32MX250F128B.a(dma_chn_open_lib.o)
 .debug_info    0x000090d4       0xa6 /home/gombe/workspace/machikania/origdev/pic32/compiler/pic32-tools/bin/../lib/gcc/pic32mx/4.5.2/../../../../pic32mx/lib/libmchp_peripheral_32MX250F128B.a(dma_chn_enable_lib.o)
 .debug_info    0x0000917a       0xb0 /home/gombe/workspace/machikania/origdev/pic32/compiler/pic32-tools/bin/../lib/gcc/pic32mx/4.5.2/../../../../pic32mx/lib/libmchp_peripheral_32MX250F128B.a(dma_chn_get_ev_flags_lib.o)
 .debug_info    0x0000922a       0xc9 /home/gombe/workspace/machikania/origdev/pic32/compiler/pic32-tools/bin/../lib/gcc/pic32mx/4.5.2/../../../../pic32mx/lib/libmchp_peripheral_32MX250F128B.a(dma_chn_write_event_control_flags_lib.o)
 .debug_info    0x000092f3       0xbc /home/gombe/workspace/machikania/origdev/pic32/compiler/pic32-tools/bin/../lib/gcc/pic32mx/4.5.2/../../../../pic32mx/lib/libmchp_peripheral_32MX250F128B.a(dma_chn_set_txfer_lib.o)
 .debug_info    0x000093af       0xc8 /home/gombe/workspace/machikania/origdev/pic32/compiler/pic32-tools/bin/../lib/gcc/pic32mx/4.5.2/../../../../pic32mx/lib/libmchp_peripheral_32MX250F128B.a(dma_chn_start_txfer_lib.o)
 .debug_info    0x00009477        0x0 /home/gombe/workspace/machikania/origdev/pic32/compiler/pic32-tools/bin/../lib/gcc/pic32mx/4.5.2/../../../../pic32mx/lib/libmchp_peripheral_32MX250F128B.a(dma_reg_map_tbl_lib.o)
 .debug_info    0x00009477       0xb4 /home/gombe/workspace/machikania/origdev/pic32/compiler/pic32-tools/bin/../lib/gcc/pic32mx/4.5.2/../../../../pic32mx/lib/libmchp_peripheral_32MX250F128B.a(int_enable_interrupts_lib.o)
 .debug_info    0x0000952b      0x196 /home/gombe/workspace/machikania/origdev/pic32/compiler/pic32-tools/bin/../lib/gcc/pic32mx/4.5.2/../../../../pic32mx/lib/libmchp_peripheral_32MX250F128B.a(int_tbl_lib.o)

.debug_abbrev   0x00000000     0x1109
 *(.debug_abbrev)
 .debug_abbrev  0x00000000      0x1c6 obj/xprintf.o
 .debug_abbrev  0x000001c6      0x1fe obj/ff.o
 .debug_abbrev  0x000003c4      0x36c obj/mmc_xmega.o
 .debug_abbrev  0x00000730      0x2e2 obj/newmain.o
 .debug_abbrev  0x00000a12      0x1ae obj/vector2.o
 .debug_abbrev  0x00000bc0      0x2aa obj/composite32-high4.o
 .debug_abbrev  0x00000e6a       0x12 obj/crtn.o
 .debug_abbrev  0x00000e7c       0x12 obj/crti.o
 .debug_abbrev  0x00000e8e       0x12 obj/crt0.o
 .debug_abbrev  0x00000ea0       0x34 /home/gombe/workspace/machikania/origdev/pic32/compiler/pic32-tools/bin/../lib/gcc/pic32mx/4.5.2/../../../../pic32mx/lib/libmchp_peripheral_32MX250F128B.a(osc_config_lib.o)
 .debug_abbrev  0x00000ed4       0x25 /home/gombe/workspace/machikania/origdev/pic32/compiler/pic32-tools/bin/../lib/gcc/pic32mx/4.5.2/../../../../pic32mx/lib/libmchp_peripheral_32MX250F128B.a(int_disable_interrupts_lib.o)
 .debug_abbrev  0x00000ef9       0x25 /home/gombe/workspace/machikania/origdev/pic32/compiler/pic32-tools/bin/../lib/gcc/pic32mx/4.5.2/../../../../pic32mx/lib/libmchp_peripheral_32MX250F128B.a(int_restore_interrupts_lib.o)
 .debug_abbrev  0x00000f1e       0x25 /home/gombe/workspace/machikania/origdev/pic32/compiler/pic32-tools/bin/../lib/gcc/pic32mx/4.5.2/../../../../pic32mx/lib/libmchp_peripheral_32MX250F128B.a(int_enable_mv_int_lib.o)
 .debug_abbrev  0x00000f43       0x25 /home/gombe/workspace/machikania/origdev/pic32/compiler/pic32-tools/bin/../lib/gcc/pic32mx/4.5.2/../../../../pic32mx/lib/libmchp_peripheral_32MX250F128B.a(spi_getc_spi2_lib_legacy.o)
 .debug_abbrev  0x00000f68       0x25 /home/gombe/workspace/machikania/origdev/pic32/compiler/pic32-tools/bin/../lib/gcc/pic32mx/4.5.2/../../../../pic32mx/lib/libmchp_peripheral_32MX250F128B.a(spi_open_spi2_lib_legacy.o)
 .debug_abbrev  0x00000f8d        0x1 /home/gombe/workspace/machikania/origdev/pic32/compiler/pic32-tools/bin/../lib/gcc/pic32mx/4.5.2/../../../../pic32mx/lib/libmchp_peripheral_32MX250F128B.a(spi_brg_tbl_lib_legacy.o)
 .debug_abbrev  0x00000f8e       0x25 /home/gombe/workspace/machikania/origdev/pic32/compiler/pic32-tools/bin/../lib/gcc/pic32mx/4.5.2/../../../../pic32mx/lib/libmchp_peripheral_32MX250F128B.a(dma_chn_clr_ev_flags_lib.o)
 .debug_abbrev  0x00000fb3       0x34 /home/gombe/workspace/machikania/origdev/pic32/compiler/pic32-tools/bin/../lib/gcc/pic32mx/4.5.2/../../../../pic32mx/lib/libmchp_peripheral_32MX250F128B.a(dma_chn_open_lib.o)
 .debug_abbrev  0x00000fe7       0x25 /home/gombe/workspace/machikania/origdev/pic32/compiler/pic32-tools/bin/../lib/gcc/pic32mx/4.5.2/../../../../pic32mx/lib/libmchp_peripheral_32MX250F128B.a(dma_chn_enable_lib.o)
 .debug_abbrev  0x0000100c       0x25 /home/gombe/workspace/machikania/origdev/pic32/compiler/pic32-tools/bin/../lib/gcc/pic32mx/4.5.2/../../../../pic32mx/lib/libmchp_peripheral_32MX250F128B.a(dma_chn_get_ev_flags_lib.o)
 .debug_abbrev  0x00001031       0x25 /home/gombe/workspace/machikania/origdev/pic32/compiler/pic32-tools/bin/../lib/gcc/pic32mx/4.5.2/../../../../pic32mx/lib/libmchp_peripheral_32MX250F128B.a(dma_chn_write_event_control_flags_lib.o)
 .debug_abbrev  0x00001056       0x34 /home/gombe/workspace/machikania/origdev/pic32/compiler/pic32-tools/bin/../lib/gcc/pic32mx/4.5.2/../../../../pic32mx/lib/libmchp_peripheral_32MX250F128B.a(dma_chn_set_txfer_lib.o)
 .debug_abbrev  0x0000108a       0x34 /home/gombe/workspace/machikania/origdev/pic32/compiler/pic32-tools/bin/../lib/gcc/pic32mx/4.5.2/../../../../pic32mx/lib/libmchp_peripheral_32MX250F128B.a(dma_chn_start_txfer_lib.o)
 .debug_abbrev  0x000010be        0x1 /home/gombe/workspace/machikania/origdev/pic32/compiler/pic32-tools/bin/../lib/gcc/pic32mx/4.5.2/../../../../pic32mx/lib/libmchp_peripheral_32MX250F128B.a(dma_reg_map_tbl_lib.o)
 .debug_abbrev  0x000010bf       0x25 /home/gombe/workspace/machikania/origdev/pic32/compiler/pic32-tools/bin/../lib/gcc/pic32mx/4.5.2/../../../../pic32mx/lib/libmchp_peripheral_32MX250F128B.a(int_enable_interrupts_lib.o)
 .debug_abbrev  0x000010e4       0x25 /home/gombe/workspace/machikania/origdev/pic32/compiler/pic32-tools/bin/../lib/gcc/pic32mx/4.5.2/../../../../pic32mx/lib/libmchp_peripheral_32MX250F128B.a(int_tbl_lib.o)

.debug_line     0x00000000     0x2df2
 *(.debug_line)
 .debug_line    0x00000000      0x434 obj/xprintf.o
 .debug_line    0x00000434      0xa37 obj/ff.o
 .debug_line    0x00000e6b      0x517 obj/mmc_xmega.o
 .debug_line    0x00001382      0x276 obj/newmain.o
 .debug_line    0x000015f8       0xc5 obj/vector2.o
 .debug_line    0x000016bd      0xe24 obj/composite32-high4.o
 .debug_line    0x000024e1       0x57 obj/crtn.o
 .debug_line    0x00002538       0x55 obj/crti.o
 .debug_line    0x0000258d      0x118 obj/crt0.o
 .debug_line    0x000026a5       0xb9 /home/gombe/workspace/machikania/origdev/pic32/compiler/pic32-tools/bin/../lib/gcc/pic32mx/4.5.2/../../../../pic32mx/lib/libmchp_peripheral_32MX250F128B.a(osc_config_lib.o)
 .debug_line    0x0000275e       0x73 /home/gombe/workspace/machikania/origdev/pic32/compiler/pic32-tools/bin/../lib/gcc/pic32mx/4.5.2/../../../../pic32mx/lib/libmchp_peripheral_32MX250F128B.a(int_disable_interrupts_lib.o)
 .debug_line    0x000027d1       0x73 /home/gombe/workspace/machikania/origdev/pic32/compiler/pic32-tools/bin/../lib/gcc/pic32mx/4.5.2/../../../../pic32mx/lib/libmchp_peripheral_32MX250F128B.a(int_restore_interrupts_lib.o)
 .debug_line    0x00002844       0x6e /home/gombe/workspace/machikania/origdev/pic32/compiler/pic32-tools/bin/../lib/gcc/pic32mx/4.5.2/../../../../pic32mx/lib/libmchp_peripheral_32MX250F128B.a(int_enable_mv_int_lib.o)
 .debug_line    0x000028b2       0x71 /home/gombe/workspace/machikania/origdev/pic32/compiler/pic32-tools/bin/../lib/gcc/pic32mx/4.5.2/../../../../pic32mx/lib/libmchp_peripheral_32MX250F128B.a(spi_getc_spi2_lib_legacy.o)
 .debug_line    0x00002923       0x71 /home/gombe/workspace/machikania/origdev/pic32/compiler/pic32-tools/bin/../lib/gcc/pic32mx/4.5.2/../../../../pic32mx/lib/libmchp_peripheral_32MX250F128B.a(spi_open_spi2_lib_legacy.o)
 .debug_line    0x00002994        0x0 /home/gombe/workspace/machikania/origdev/pic32/compiler/pic32-tools/bin/../lib/gcc/pic32mx/4.5.2/../../../../pic32mx/lib/libmchp_peripheral_32MX250F128B.a(spi_brg_tbl_lib_legacy.o)
 .debug_line    0x00002994       0x71 /home/gombe/workspace/machikania/origdev/pic32/compiler/pic32-tools/bin/../lib/gcc/pic32mx/4.5.2/../../../../pic32mx/lib/libmchp_peripheral_32MX250F128B.a(dma_chn_clr_ev_flags_lib.o)
 .debug_line    0x00002a05       0x7b /home/gombe/workspace/machikania/origdev/pic32/compiler/pic32-tools/bin/../lib/gcc/pic32mx/4.5.2/../../../../pic32mx/lib/libmchp_peripheral_32MX250F128B.a(dma_chn_open_lib.o)
 .debug_line    0x00002a80       0x6b /home/gombe/workspace/machikania/origdev/pic32/compiler/pic32-tools/bin/../lib/gcc/pic32mx/4.5.2/../../../../pic32mx/lib/libmchp_peripheral_32MX250F128B.a(dma_chn_enable_lib.o)
 .debug_line    0x00002aeb       0x71 /home/gombe/workspace/machikania/origdev/pic32/compiler/pic32-tools/bin/../lib/gcc/pic32mx/4.5.2/../../../../pic32mx/lib/libmchp_peripheral_32MX250F128B.a(dma_chn_get_ev_flags_lib.o)
 .debug_line    0x00002b5c       0x7e /home/gombe/workspace/machikania/origdev/pic32/compiler/pic32-tools/bin/../lib/gcc/pic32mx/4.5.2/../../../../pic32mx/lib/libmchp_peripheral_32MX250F128B.a(dma_chn_write_event_control_flags_lib.o)
 .debug_line    0x00002bda       0x80 /home/gombe/workspace/machikania/origdev/pic32/compiler/pic32-tools/bin/../lib/gcc/pic32mx/4.5.2/../../../../pic32mx/lib/libmchp_peripheral_32MX250F128B.a(dma_chn_set_txfer_lib.o)
 .debug_line    0x00002c5a       0xc2 /home/gombe/workspace/machikania/origdev/pic32/compiler/pic32-tools/bin/../lib/gcc/pic32mx/4.5.2/../../../../pic32mx/lib/libmchp_peripheral_32MX250F128B.a(dma_chn_start_txfer_lib.o)
 .debug_line    0x00002d1c        0x0 /home/gombe/workspace/machikania/origdev/pic32/compiler/pic32-tools/bin/../lib/gcc/pic32mx/4.5.2/../../../../pic32mx/lib/libmchp_peripheral_32MX250F128B.a(dma_reg_map_tbl_lib.o)
 .debug_line    0x00002d1c       0x72 /home/gombe/workspace/machikania/origdev/pic32/compiler/pic32-tools/bin/../lib/gcc/pic32mx/4.5.2/../../../../pic32mx/lib/libmchp_peripheral_32MX250F128B.a(int_enable_interrupts_lib.o)
 .debug_line    0x00002d8e       0x64 /home/gombe/workspace/machikania/origdev/pic32/compiler/pic32-tools/bin/../lib/gcc/pic32mx/4.5.2/../../../../pic32mx/lib/libmchp_peripheral_32MX250F128B.a(int_tbl_lib.o)

.debug_frame    0x00000000      0xbc4
 *(.debug_frame)
 .debug_frame   0x00000000      0x150 obj/xprintf.o
 .debug_frame   0x00000150      0x2e4 obj/ff.o
 .debug_frame   0x00000434      0x140 obj/mmc_xmega.o
 .debug_frame   0x00000574       0x84 obj/newmain.o
 .debug_frame   0x000005f8       0xc0 obj/vector2.o
 .debug_frame   0x000006b8      0x280 obj/composite32-high4.o
 .debug_frame   0x00000938       0x30 /home/gombe/workspace/machikania/origdev/pic32/compiler/pic32-tools/bin/../lib/gcc/pic32mx/4.5.2/../../../../pic32mx/lib/libmchp_peripheral_32MX250F128B.a(osc_config_lib.o)
 .debug_frame   0x00000968       0x20 /home/gombe/workspace/machikania/origdev/pic32/compiler/pic32-tools/bin/../lib/gcc/pic32mx/4.5.2/../../../../pic32mx/lib/libmchp_peripheral_32MX250F128B.a(int_disable_interrupts_lib.o)
 .debug_frame   0x00000988       0x20 /home/gombe/workspace/machikania/origdev/pic32/compiler/pic32-tools/bin/../lib/gcc/pic32mx/4.5.2/../../../../pic32mx/lib/libmchp_peripheral_32MX250F128B.a(int_restore_interrupts_lib.o)
 .debug_frame   0x000009a8       0x28 /home/gombe/workspace/machikania/origdev/pic32/compiler/pic32-tools/bin/../lib/gcc/pic32mx/4.5.2/../../../../pic32mx/lib/libmchp_peripheral_32MX250F128B.a(int_enable_mv_int_lib.o)
 .debug_frame   0x000009d0       0x20 /home/gombe/workspace/machikania/origdev/pic32/compiler/pic32-tools/bin/../lib/gcc/pic32mx/4.5.2/../../../../pic32mx/lib/libmchp_peripheral_32MX250F128B.a(spi_getc_spi2_lib_legacy.o)
 .debug_frame   0x000009f0       0x20 /home/gombe/workspace/machikania/origdev/pic32/compiler/pic32-tools/bin/../lib/gcc/pic32mx/4.5.2/../../../../pic32mx/lib/libmchp_peripheral_32MX250F128B.a(spi_open_spi2_lib_legacy.o)
 .debug_frame   0x00000a10       0x20 /home/gombe/workspace/machikania/origdev/pic32/compiler/pic32-tools/bin/../lib/gcc/pic32mx/4.5.2/../../../../pic32mx/lib/libmchp_peripheral_32MX250F128B.a(dma_chn_clr_ev_flags_lib.o)
 .debug_frame   0x00000a30       0x34 /home/gombe/workspace/machikania/origdev/pic32/compiler/pic32-tools/bin/../lib/gcc/pic32mx/4.5.2/../../../../pic32mx/lib/libmchp_peripheral_32MX250F128B.a(dma_chn_open_lib.o)
 .debug_frame   0x00000a64       0x20 /home/gombe/workspace/machikania/origdev/pic32/compiler/pic32-tools/bin/../lib/gcc/pic32mx/4.5.2/../../../../pic32mx/lib/libmchp_peripheral_32MX250F128B.a(dma_chn_enable_lib.o)
 .debug_frame   0x00000a84       0x20 /home/gombe/workspace/machikania/origdev/pic32/compiler/pic32-tools/bin/../lib/gcc/pic32mx/4.5.2/../../../../pic32mx/lib/libmchp_peripheral_32MX250F128B.a(dma_chn_get_ev_flags_lib.o)
 .debug_frame   0x00000aa4       0x20 /home/gombe/workspace/machikania/origdev/pic32/compiler/pic32-tools/bin/../lib/gcc/pic32mx/4.5.2/../../../../pic32mx/lib/libmchp_peripheral_32MX250F128B.a(dma_chn_write_event_control_flags_lib.o)
 .debug_frame   0x00000ac4       0x20 /home/gombe/workspace/machikania/origdev/pic32/compiler/pic32-tools/bin/../lib/gcc/pic32mx/4.5.2/../../../../pic32mx/lib/libmchp_peripheral_32MX250F128B.a(dma_chn_set_txfer_lib.o)
 .debug_frame   0x00000ae4       0x20 /home/gombe/workspace/machikania/origdev/pic32/compiler/pic32-tools/bin/../lib/gcc/pic32mx/4.5.2/../../../../pic32mx/lib/libmchp_peripheral_32MX250F128B.a(dma_chn_start_txfer_lib.o)
 .debug_frame   0x00000b04       0x20 /home/gombe/workspace/machikania/origdev/pic32/compiler/pic32-tools/bin/../lib/gcc/pic32mx/4.5.2/../../../../pic32mx/lib/libmchp_peripheral_32MX250F128B.a(int_enable_interrupts_lib.o)
 .debug_frame   0x00000b24       0xa0 /home/gombe/workspace/machikania/origdev/pic32/compiler/pic32-tools/bin/../lib/gcc/pic32mx/4.5.2/../../../../pic32mx/lib/libmchp_peripheral_32MX250F128B.a(int_tbl_lib.o)

.debug_str      0x00000000      0x165
 *(.debug_str)
 .debug_str     0x00000000       0x13 obj/xprintf.o
 .debug_str     0x00000013        0xa obj/ff.o
 .debug_str     0x0000001d      0x11f obj/mmc_xmega.o
 .debug_str     0x0000013c        0x8 obj/newmain.o
 .debug_str     0x00000144       0x21 obj/vector2.o
 .debug_str     0x00000165        0x0 obj/composite32-high4.o
 .debug_str     0x00000165        0x0 /home/gombe/workspace/machikania/origdev/pic32/compiler/pic32-tools/bin/../lib/gcc/pic32mx/4.5.2/../../../../pic32mx/lib/libmchp_peripheral_32MX250F128B.a(osc_config_lib.o)
 .debug_str     0x00000165        0x0 /home/gombe/workspace/machikania/origdev/pic32/compiler/pic32-tools/bin/../lib/gcc/pic32mx/4.5.2/../../../../pic32mx/lib/libmchp_peripheral_32MX250F128B.a(int_disable_interrupts_lib.o)
 .debug_str     0x00000165        0x0 /home/gombe/workspace/machikania/origdev/pic32/compiler/pic32-tools/bin/../lib/gcc/pic32mx/4.5.2/../../../../pic32mx/lib/libmchp_peripheral_32MX250F128B.a(int_restore_interrupts_lib.o)
 .debug_str     0x00000165        0x0 /home/gombe/workspace/machikania/origdev/pic32/compiler/pic32-tools/bin/../lib/gcc/pic32mx/4.5.2/../../../../pic32mx/lib/libmchp_peripheral_32MX250F128B.a(int_enable_mv_int_lib.o)
 .debug_str     0x00000165        0x0 /home/gombe/workspace/machikania/origdev/pic32/compiler/pic32-tools/bin/../lib/gcc/pic32mx/4.5.2/../../../../pic32mx/lib/libmchp_peripheral_32MX250F128B.a(spi_getc_spi2_lib_legacy.o)
 .debug_str     0x00000165        0x0 /home/gombe/workspace/machikania/origdev/pic32/compiler/pic32-tools/bin/../lib/gcc/pic32mx/4.5.2/../../../../pic32mx/lib/libmchp_peripheral_32MX250F128B.a(spi_open_spi2_lib_legacy.o)
 .debug_str     0x00000165        0x0 /home/gombe/workspace/machikania/origdev/pic32/compiler/pic32-tools/bin/../lib/gcc/pic32mx/4.5.2/../../../../pic32mx/lib/libmchp_peripheral_32MX250F128B.a(spi_brg_tbl_lib_legacy.o)
 .debug_str     0x00000165        0x0 /home/gombe/workspace/machikania/origdev/pic32/compiler/pic32-tools/bin/../lib/gcc/pic32mx/4.5.2/../../../../pic32mx/lib/libmchp_peripheral_32MX250F128B.a(dma_chn_clr_ev_flags_lib.o)
 .debug_str     0x00000165        0x0 /home/gombe/workspace/machikania/origdev/pic32/compiler/pic32-tools/bin/../lib/gcc/pic32mx/4.5.2/../../../../pic32mx/lib/libmchp_peripheral_32MX250F128B.a(dma_chn_open_lib.o)
 .debug_str     0x00000165        0x0 /home/gombe/workspace/machikania/origdev/pic32/compiler/pic32-tools/bin/../lib/gcc/pic32mx/4.5.2/../../../../pic32mx/lib/libmchp_peripheral_32MX250F128B.a(dma_chn_enable_lib.o)
 .debug_str     0x00000165        0x0 /home/gombe/workspace/machikania/origdev/pic32/compiler/pic32-tools/bin/../lib/gcc/pic32mx/4.5.2/../../../../pic32mx/lib/libmchp_peripheral_32MX250F128B.a(dma_chn_get_ev_flags_lib.o)
 .debug_str     0x00000165        0x0 /home/gombe/workspace/machikania/origdev/pic32/compiler/pic32-tools/bin/../lib/gcc/pic32mx/4.5.2/../../../../pic32mx/lib/libmchp_peripheral_32MX250F128B.a(dma_chn_write_event_control_flags_lib.o)
 .debug_str     0x00000165        0x0 /home/gombe/workspace/machikania/origdev/pic32/compiler/pic32-tools/bin/../lib/gcc/pic32mx/4.5.2/../../../../pic32mx/lib/libmchp_peripheral_32MX250F128B.a(dma_chn_set_txfer_lib.o)
 .debug_str     0x00000165        0x0 /home/gombe/workspace/machikania/origdev/pic32/compiler/pic32-tools/bin/../lib/gcc/pic32mx/4.5.2/../../../../pic32mx/lib/libmchp_peripheral_32MX250F128B.a(dma_chn_start_txfer_lib.o)
 .debug_str     0x00000165        0x0 /home/gombe/workspace/machikania/origdev/pic32/compiler/pic32-tools/bin/../lib/gcc/pic32mx/4.5.2/../../../../pic32mx/lib/libmchp_peripheral_32MX250F128B.a(dma_reg_map_tbl_lib.o)
 .debug_str     0x00000165        0x0 /home/gombe/workspace/machikania/origdev/pic32/compiler/pic32-tools/bin/../lib/gcc/pic32mx/4.5.2/../../../../pic32mx/lib/libmchp_peripheral_32MX250F128B.a(int_enable_interrupts_lib.o)
 .debug_str     0x00000165        0x0 /home/gombe/workspace/machikania/origdev/pic32/compiler/pic32-tools/bin/../lib/gcc/pic32mx/4.5.2/../../../../pic32mx/lib/libmchp_peripheral_32MX250F128B.a(int_tbl_lib.o)

.debug_loc      0x00000000     0x55d3
 *(.debug_loc)
 .debug_loc     0x00000000      0xddd obj/xprintf.o
 .debug_loc     0x00000ddd     0x2c16 obj/ff.o
 .debug_loc     0x000039f3      0x55c obj/mmc_xmega.o
 .debug_loc     0x00003f4f       0x62 obj/newmain.o
 .debug_loc     0x00003fb1       0xa6 obj/vector2.o
 .debug_loc     0x00004057     0x157c obj/composite32-high4.o

.debug_macinfo
 *(.debug_macinfo)

.debug_weaknames
 *(.debug_weaknames)

.debug_funcnames
 *(.debug_funcnames)

.debug_typenames
 *(.debug_typenames)

.debug_varnames
 *(.debug_varnames)

.debug_pubtypes
                0x00000000      0x269
 *(.debug_pubtypes)
 .debug_pubtypes
                0x00000000       0x31 obj/xprintf.o
 .debug_pubtypes
                0x00000031       0x89 obj/ff.o
 .debug_pubtypes
                0x000000ba      0x145 obj/mmc_xmega.o
 .debug_pubtypes
                0x000001ff       0x31 obj/newmain.o
 .debug_pubtypes
                0x00000230       0x1e obj/vector2.o
 .debug_pubtypes
                0x0000024e       0x1b obj/composite32-high4.o

.debug_ranges   0x00000000      0x1a8
 *(.debug_ranges)
 .debug_ranges  0x00000000       0x20 obj/crtn.o
 .debug_ranges  0x00000020       0x20 obj/crti.o
 .debug_ranges  0x00000040       0x38 obj/crt0.o
 .debug_ranges  0x00000078       0x10 /home/gombe/workspace/machikania/origdev/pic32/compiler/pic32-tools/bin/../lib/gcc/pic32mx/4.5.2/../../../../pic32mx/lib/libmchp_peripheral_32MX250F128B.a(osc_config_lib.o)
 .debug_ranges  0x00000088       0x10 /home/gombe/workspace/machikania/origdev/pic32/compiler/pic32-tools/bin/../lib/gcc/pic32mx/4.5.2/../../../../pic32mx/lib/libmchp_peripheral_32MX250F128B.a(int_disable_interrupts_lib.o)
 .debug_ranges  0x00000098       0x10 /home/gombe/workspace/machikania/origdev/pic32/compiler/pic32-tools/bin/../lib/gcc/pic32mx/4.5.2/../../../../pic32mx/lib/libmchp_peripheral_32MX250F128B.a(int_restore_interrupts_lib.o)
 .debug_ranges  0x000000a8       0x10 /home/gombe/workspace/machikania/origdev/pic32/compiler/pic32-tools/bin/../lib/gcc/pic32mx/4.5.2/../../../../pic32mx/lib/libmchp_peripheral_32MX250F128B.a(int_enable_mv_int_lib.o)
 .debug_ranges  0x000000b8       0x10 /home/gombe/workspace/machikania/origdev/pic32/compiler/pic32-tools/bin/../lib/gcc/pic32mx/4.5.2/../../../../pic32mx/lib/libmchp_peripheral_32MX250F128B.a(spi_getc_spi2_lib_legacy.o)
 .debug_ranges  0x000000c8       0x10 /home/gombe/workspace/machikania/origdev/pic32/compiler/pic32-tools/bin/../lib/gcc/pic32mx/4.5.2/../../../../pic32mx/lib/libmchp_peripheral_32MX250F128B.a(spi_open_spi2_lib_legacy.o)
 .debug_ranges  0x000000d8       0x10 /home/gombe/workspace/machikania/origdev/pic32/compiler/pic32-tools/bin/../lib/gcc/pic32mx/4.5.2/../../../../pic32mx/lib/libmchp_peripheral_32MX250F128B.a(dma_chn_clr_ev_flags_lib.o)
 .debug_ranges  0x000000e8       0x10 /home/gombe/workspace/machikania/origdev/pic32/compiler/pic32-tools/bin/../lib/gcc/pic32mx/4.5.2/../../../../pic32mx/lib/libmchp_peripheral_32MX250F128B.a(dma_chn_open_lib.o)
 .debug_ranges  0x000000f8       0x10 /home/gombe/workspace/machikania/origdev/pic32/compiler/pic32-tools/bin/../lib/gcc/pic32mx/4.5.2/../../../../pic32mx/lib/libmchp_peripheral_32MX250F128B.a(dma_chn_enable_lib.o)
 .debug_ranges  0x00000108       0x10 /home/gombe/workspace/machikania/origdev/pic32/compiler/pic32-tools/bin/../lib/gcc/pic32mx/4.5.2/../../../../pic32mx/lib/libmchp_peripheral_32MX250F128B.a(dma_chn_get_ev_flags_lib.o)
 .debug_ranges  0x00000118       0x10 /home/gombe/workspace/machikania/origdev/pic32/compiler/pic32-tools/bin/../lib/gcc/pic32mx/4.5.2/../../../../pic32mx/lib/libmchp_peripheral_32MX250F128B.a(dma_chn_write_event_control_flags_lib.o)
 .debug_ranges  0x00000128       0x10 /home/gombe/workspace/machikania/origdev/pic32/compiler/pic32-tools/bin/../lib/gcc/pic32mx/4.5.2/../../../../pic32mx/lib/libmchp_peripheral_32MX250F128B.a(dma_chn_set_txfer_lib.o)
 .debug_ranges  0x00000138       0x10 /home/gombe/workspace/machikania/origdev/pic32/compiler/pic32-tools/bin/../lib/gcc/pic32mx/4.5.2/../../../../pic32mx/lib/libmchp_peripheral_32MX250F128B.a(dma_chn_start_txfer_lib.o)
 .debug_ranges  0x00000148       0x10 /home/gombe/workspace/machikania/origdev/pic32/compiler/pic32-tools/bin/../lib/gcc/pic32mx/4.5.2/../../../../pic32mx/lib/libmchp_peripheral_32MX250F128B.a(int_enable_interrupts_lib.o)
 .debug_ranges  0x00000158       0x50 /home/gombe/workspace/machikania/origdev/pic32/compiler/pic32-tools/bin/../lib/gcc/pic32mx/4.5.2/../../../../pic32mx/lib/libmchp_peripheral_32MX250F128B.a(int_tbl_lib.o)

.gnu.attributes
                0x00000000       0x10
 *(.gnu.attributes)
 .gnu.attributes
                0x00000000       0x10 obj/xprintf.o
 .gnu.attributes
                0x00000010       0x10 obj/ff.o
 .gnu.attributes
                0x00000020       0x10 obj/mmc_xmega.o
 .gnu.attributes
                0x00000030       0x10 obj/newmain.o
 .gnu.attributes
                0x00000040       0x10 obj/vector2.o
 .gnu.attributes
                0x00000050       0x10 obj/composite32-high4.o
 .gnu.attributes
                0x00000060       0x10 ../../pic32/compiler/pic32-tools/bin/../lib/gcc/pic32mx/4.5.2/crtend.o
 .gnu.attributes
                0x00000070       0x10 ../../pic32/compiler/pic32-tools/bin/../lib/gcc/pic32mx/4.5.2/crtbegin.o
 .gnu.attributes
                0x00000080       0x10 /home/gombe/workspace/machikania/origdev/pic32/compiler/pic32-tools/bin/../lib/gcc/pic32mx/4.5.2/../../../../pic32mx/lib/libpic32.a(default-bootstrap-exception-handler.o)
 .gnu.attributes
                0x00000090       0x10 /home/gombe/workspace/machikania/origdev/pic32/compiler/pic32-tools/bin/../lib/gcc/pic32mx/4.5.2/../../../../pic32mx/lib/libpic32.a(default-on-reset.o)
 .gnu.attributes
                0x000000a0       0x10 /home/gombe/workspace/machikania/origdev/pic32/compiler/pic32-tools/bin/../lib/gcc/pic32mx/4.5.2/../../../../pic32mx/lib/libpic32.a(default-on-bootstrap.o)
 .gnu.attributes
                0x000000b0       0x10 /home/gombe/workspace/machikania/origdev/pic32/compiler/pic32-tools/bin/../lib/gcc/pic32mx/4.5.2/../../../../pic32mx/lib/libpic32.a(defaultinterrupt.o)
 .gnu.attributes
                0x000000c0       0x10 /home/gombe/workspace/machikania/origdev/pic32/compiler/pic32-tools/bin/../lib/gcc/pic32mx/4.5.2/../../../../pic32mx/lib/libmchp_peripheral_32MX250F128B.a(osc_config_lib.o)
 .gnu.attributes
                0x000000d0       0x10 /home/gombe/workspace/machikania/origdev/pic32/compiler/pic32-tools/bin/../lib/gcc/pic32mx/4.5.2/../../../../pic32mx/lib/libmchp_peripheral_32MX250F128B.a(int_disable_interrupts_lib.o)
 .gnu.attributes
                0x000000e0       0x10 /home/gombe/workspace/machikania/origdev/pic32/compiler/pic32-tools/bin/../lib/gcc/pic32mx/4.5.2/../../../../pic32mx/lib/libmchp_peripheral_32MX250F128B.a(int_restore_interrupts_lib.o)
 .gnu.attributes
                0x000000f0       0x10 /home/gombe/workspace/machikania/origdev/pic32/compiler/pic32-tools/bin/../lib/gcc/pic32mx/4.5.2/../../../../pic32mx/lib/libmchp_peripheral_32MX250F128B.a(int_enable_mv_int_lib.o)
 .gnu.attributes
                0x00000100       0x10 /home/gombe/workspace/machikania/origdev/pic32/compiler/pic32-tools/bin/../lib/gcc/pic32mx/4.5.2/../../../../pic32mx/lib/libmchp_peripheral_32MX250F128B.a(spi_getc_spi2_lib_legacy.o)
 .gnu.attributes
                0x00000110       0x10 /home/gombe/workspace/machikania/origdev/pic32/compiler/pic32-tools/bin/../lib/gcc/pic32mx/4.5.2/../../../../pic32mx/lib/libmchp_peripheral_32MX250F128B.a(spi_open_spi2_lib_legacy.o)
 .gnu.attributes
                0x00000120       0x10 /home/gombe/workspace/machikania/origdev/pic32/compiler/pic32-tools/bin/../lib/gcc/pic32mx/4.5.2/../../../../pic32mx/lib/libmchp_peripheral_32MX250F128B.a(spi_brg_tbl_lib_legacy.o)
 .gnu.attributes
                0x00000130       0x10 /home/gombe/workspace/machikania/origdev/pic32/compiler/pic32-tools/bin/../lib/gcc/pic32mx/4.5.2/../../../../pic32mx/lib/libmchp_peripheral_32MX250F128B.a(dma_chn_clr_ev_flags_lib.o)
 .gnu.attributes
                0x00000140       0x10 /home/gombe/workspace/machikania/origdev/pic32/compiler/pic32-tools/bin/../lib/gcc/pic32mx/4.5.2/../../../../pic32mx/lib/libmchp_peripheral_32MX250F128B.a(dma_chn_open_lib.o)
 .gnu.attributes
                0x00000150       0x10 /home/gombe/workspace/machikania/origdev/pic32/compiler/pic32-tools/bin/../lib/gcc/pic32mx/4.5.2/../../../../pic32mx/lib/libmchp_peripheral_32MX250F128B.a(dma_chn_enable_lib.o)
 .gnu.attributes
                0x00000160       0x10 /home/gombe/workspace/machikania/origdev/pic32/compiler/pic32-tools/bin/../lib/gcc/pic32mx/4.5.2/../../../../pic32mx/lib/libmchp_peripheral_32MX250F128B.a(dma_chn_get_ev_flags_lib.o)
 .gnu.attributes
                0x00000170       0x10 /home/gombe/workspace/machikania/origdev/pic32/compiler/pic32-tools/bin/../lib/gcc/pic32mx/4.5.2/../../../../pic32mx/lib/libmchp_peripheral_32MX250F128B.a(dma_chn_write_event_control_flags_lib.o)
 .gnu.attributes
                0x00000180       0x10 /home/gombe/workspace/machikania/origdev/pic32/compiler/pic32-tools/bin/../lib/gcc/pic32mx/4.5.2/../../../../pic32mx/lib/libmchp_peripheral_32MX250F128B.a(dma_chn_set_txfer_lib.o)
 .gnu.attributes
                0x00000190       0x10 /home/gombe/workspace/machikania/origdev/pic32/compiler/pic32-tools/bin/../lib/gcc/pic32mx/4.5.2/../../../../pic32mx/lib/libmchp_peripheral_32MX250F128B.a(dma_chn_start_txfer_lib.o)
 .gnu.attributes
                0x000001a0       0x10 /home/gombe/workspace/machikania/origdev/pic32/compiler/pic32-tools/bin/../lib/gcc/pic32mx/4.5.2/../../../../pic32mx/lib/libmchp_peripheral_32MX250F128B.a(dma_reg_map_tbl_lib.o)
 .gnu.attributes
                0x000001b0       0x10 /home/gombe/workspace/machikania/origdev/pic32/compiler/pic32-tools/bin/../lib/gcc/pic32mx/4.5.2/../../../../pic32mx/lib/libmchp_peripheral_32MX250F128B.a(int_enable_interrupts_lib.o)
 .gnu.attributes
                0x000001c0       0x10 /home/gombe/workspace/machikania/origdev/pic32/compiler/pic32-tools/bin/../lib/gcc/pic32mx/4.5.2/../../../../pic32mx/lib/libmchp_peripheral_32MX250F128B.a(int_tbl_lib.o)
LOAD /home/gombe/workspace/machikania/origdev/pic32/compiler/pic32-tools/bin/../lib/gcc/pic32mx/4.5.2/libgcc.a
START GROUP
LOAD /home/gombe/workspace/machikania/origdev/pic32/compiler/pic32-tools/bin/../lib/gcc/pic32mx/4.5.2/../../../../pic32mx/lib/libc.a
LOAD /home/gombe/workspace/machikania/origdev/pic32/compiler/pic32-tools/bin/../lib/gcc/pic32mx/4.5.2/../../../../pic32mx/lib/libsupc++.a
LOAD /home/gombe/workspace/machikania/origdev/pic32/compiler/pic32-tools/bin/../lib/gcc/pic32mx/4.5.2/../../../../pic32mx/lib/libpic32.a
LOAD /home/gombe/workspace/machikania/origdev/pic32/compiler/pic32-tools/bin/../lib/gcc/pic32mx/4.5.2/libgcc.a
LOAD /home/gombe/workspace/machikania/origdev/pic32/compiler/pic32-tools/bin/../lib/gcc/pic32mx/4.5.2/../../../../pic32mx/lib/libmchp_peripheral.a
LOAD /home/gombe/workspace/machikania/origdev/pic32/compiler/pic32-tools/bin/../lib/gcc/pic32mx/4.5.2/../../../../pic32mx/lib/libmchp_peripheral_32MX250F128B.a
END GROUP
LOAD /home/gombe/workspace/machikania/origdev/pic32/compiler/pic32-tools/bin/../lib/gcc/pic32mx/4.5.2/libgcc.a
LOAD /home/gombe/workspace/machikania/origdev/pic32/compiler/pic32-tools/bin/../lib/gcc/pic32mx/4.5.2/../../../../pic32mx/lib/debug-exception-return.o
OUTPUT(bin/EXAMPLE1.elf elf32-tradlittlemips)
LOAD stack
LOAD data_init

.reginfo        0x00000000       0x18
 .reginfo       0x00000000       0x18 obj/xprintf.o

.stack          0xa0007190      0x400
 .stack         0xa0007190      0x400 stack

.bss            0xa0000044     0x7120
 .bss           0xa0000044     0x7100 obj/composite32-high4.o
                0xa0000044                VRAM
                0xa0007044                ClTable
 .bss           0xa0007144       0x20 ../../pic32/compiler/pic32-tools/bin/../lib/gcc/pic32mx/4.5.2/crtbegin.o

._debug_exception
                0xbfc00480       0x24
 ._debug_exception
                0xbfc00480       0x24 /home/gombe/workspace/machikania/origdev/pic32/compiler/pic32-tools/bin/../lib/gcc/pic32mx/4.5.2/../../../../pic32mx/lib/debug-exception-return.o
                0xbfc00480                __DbgExecReturn

.text           0x9d0074e4     0x4a68
 .text          0x9d0074e4     0x3828 obj/composite32-high4.o
                0x9d0074e4                T2Handler
                0x9d007664                OC3Handler
                0x9d007748                OC1Handler
                0x9d00788c                OC2Handler
                0x9d007f20                video::clearscreen()
                0x9d007f44                video::set_palette(unsigned char, unsigned char, unsigned char, unsigned char)
                0x9d00824c                video::start_composite()
                0x9d008280                video::stop_composite()
                0x9d008294                video::init_composite()
                0x9d008508                video::pset(int, int, unsigned int)
                0x9d00857c                video::putbmpmn(int, int, char, char, unsigned char const*)
                0x9d008834                video::clrbmpmn(int, int, char, char)
                0x9d008a28                video::gline(int, int, int, int, unsigned int)
                0x9d008be8                video::hline(int, int, int, unsigned int)
                0x9d008e18                video::circle(int, int, unsigned int, unsigned int)
                0x9d009140                video::boxfill(int, int, int, int, unsigned int)
                0x9d009414                video::circlefill(int, int, unsigned int, unsigned int)
                0x9d009c48                video::putfont(int, int, unsigned int, int, unsigned char)
                0x9d00a97c                video::printstr(int, int, unsigned int, int, unsigned char*)
                0x9d00a9fc                video::printnum(int, int, unsigned char, int, unsigned int)
                0x9d00ab80                video::printnum2(int, int, unsigned char, int, unsigned int, unsigned char)
                0x9d00acb4                video::color(int, int)
 .text          0x9d00ad0c     0x1240 obj/xprintf.o
                0x9d00ad0c                xputc
                0x9d00b804                xputs
                0x9d00b898                xfputs
                0x9d00b940                xprintf
                0x9d00b970                xsprintf
                0x9d00b9b0                xfprintf
                0x9d00b9f4                put_dump
                0x9d00bc08                xgets
                0x9d00bdc0                xfgets
                0x9d00bdf4                xatoi

.rodata         0x9d00bf4c      0x800
 .rodata        0x9d00bf4c      0x800 obj/composite32-high4.o

.text           0x9d00c74c      0x3f8
 .text          0x9d00c74c      0x3f8 obj/newmain.o